Archive member included because of file (symbol)

c:/siliconlabs/simplicitystudio/v3/developer/toolchains/gnu_arm/4.8_2013q4/bin/../lib/gcc/arm-none-eabi/4.8.3/../../../../arm-none-eabi/lib/armv7e-m\libc_s.a(lib_a-abs.o)
                              ./Drivers/segmentlcd.o (abs)
c:/siliconlabs/simplicitystudio/v3/developer/toolchains/gnu_arm/4.8_2013q4/bin/../lib/gcc/arm-none-eabi/4.8.3/../../../../arm-none-eabi/lib/armv7e-m\libc_s.a(lib_a-exit.o)
                              c:/siliconlabs/simplicitystudio/v3/developer/toolchains/gnu_arm/4.8_2013q4/bin/../lib/gcc/arm-none-eabi/4.8.3/../../../../arm-none-eabi/lib/armv7e-m/crt0.o (exit)
c:/siliconlabs/simplicitystudio/v3/developer/toolchains/gnu_arm/4.8_2013q4/bin/../lib/gcc/arm-none-eabi/4.8.3/../../../../arm-none-eabi/lib/armv7e-m\libc_s.a(lib_a-fileno.o)
                              ./Drivers/retargetio.o (fileno)
c:/siliconlabs/simplicitystudio/v3/developer/toolchains/gnu_arm/4.8_2013q4/bin/../lib/gcc/arm-none-eabi/4.8.3/../../../../arm-none-eabi/lib/armv7e-m\libc_s.a(lib_a-findfp.o)
                              c:/siliconlabs/simplicitystudio/v3/developer/toolchains/gnu_arm/4.8_2013q4/bin/../lib/gcc/arm-none-eabi/4.8.3/../../../../arm-none-eabi/lib/armv7e-m\libc_s.a(lib_a-fileno.o) (__sinit)
c:/siliconlabs/simplicitystudio/v3/developer/toolchains/gnu_arm/4.8_2013q4/bin/../lib/gcc/arm-none-eabi/4.8.3/../../../../arm-none-eabi/lib/armv7e-m\libc_s.a(lib_a-fwalk.o)
                              c:/siliconlabs/simplicitystudio/v3/developer/toolchains/gnu_arm/4.8_2013q4/bin/../lib/gcc/arm-none-eabi/4.8.3/../../../../arm-none-eabi/lib/armv7e-m\libc_s.a(lib_a-findfp.o) (_fwalk)
c:/siliconlabs/simplicitystudio/v3/developer/toolchains/gnu_arm/4.8_2013q4/bin/../lib/gcc/arm-none-eabi/4.8.3/../../../../arm-none-eabi/lib/armv7e-m\libc_s.a(lib_a-impure.o)
                              c:/siliconlabs/simplicitystudio/v3/developer/toolchains/gnu_arm/4.8_2013q4/bin/../lib/gcc/arm-none-eabi/4.8.3/../../../../arm-none-eabi/lib/armv7e-m\libc_s.a(lib_a-exit.o) (_global_impure_ptr)
c:/siliconlabs/simplicitystudio/v3/developer/toolchains/gnu_arm/4.8_2013q4/bin/../lib/gcc/arm-none-eabi/4.8.3/../../../../arm-none-eabi/lib/armv7e-m\libc_s.a(lib_a-init.o)
                              c:/siliconlabs/simplicitystudio/v3/developer/toolchains/gnu_arm/4.8_2013q4/bin/../lib/gcc/arm-none-eabi/4.8.3/../../../../arm-none-eabi/lib/armv7e-m/crt0.o (__libc_init_array)
c:/siliconlabs/simplicitystudio/v3/developer/toolchains/gnu_arm/4.8_2013q4/bin/../lib/gcc/arm-none-eabi/4.8.3/../../../../arm-none-eabi/lib/armv7e-m\libc_s.a(lib_a-memset.o)
                              c:/siliconlabs/simplicitystudio/v3/developer/toolchains/gnu_arm/4.8_2013q4/bin/../lib/gcc/arm-none-eabi/4.8.3/../../../../arm-none-eabi/lib/armv7e-m/crt0.o (memset)
c:/siliconlabs/simplicitystudio/v3/developer/toolchains/gnu_arm/4.8_2013q4/bin/../lib/gcc/arm-none-eabi/4.8.3/../../../../arm-none-eabi/lib/armv7e-m\libc_s.a(lib_a-nano-mallocr.o)
                              c:/siliconlabs/simplicitystudio/v3/developer/toolchains/gnu_arm/4.8_2013q4/bin/../lib/gcc/arm-none-eabi/4.8.3/../../../../arm-none-eabi/lib/armv7e-m\libc_s.a(lib_a-findfp.o) (_malloc_r)
c:/siliconlabs/simplicitystudio/v3/developer/toolchains/gnu_arm/4.8_2013q4/bin/../lib/gcc/arm-none-eabi/4.8.3/../../../../arm-none-eabi/lib/armv7e-m\libc_s.a(lib_a-printf.o)
                              ./src/main.o (printf)
c:/siliconlabs/simplicitystudio/v3/developer/toolchains/gnu_arm/4.8_2013q4/bin/../lib/gcc/arm-none-eabi/4.8.3/../../../../arm-none-eabi/lib/armv7e-m\libc_s.a(lib_a-sbrkr.o)
                              c:/siliconlabs/simplicitystudio/v3/developer/toolchains/gnu_arm/4.8_2013q4/bin/../lib/gcc/arm-none-eabi/4.8.3/../../../../arm-none-eabi/lib/armv7e-m\libc_s.a(lib_a-nano-mallocr.o) (_sbrk_r)
c:/siliconlabs/simplicitystudio/v3/developer/toolchains/gnu_arm/4.8_2013q4/bin/../lib/gcc/arm-none-eabi/4.8.3/../../../../arm-none-eabi/lib/armv7e-m\libc_s.a(lib_a-stdio.o)
                              c:/siliconlabs/simplicitystudio/v3/developer/toolchains/gnu_arm/4.8_2013q4/bin/../lib/gcc/arm-none-eabi/4.8.3/../../../../arm-none-eabi/lib/armv7e-m\libc_s.a(lib_a-findfp.o) (__sread)
c:/siliconlabs/simplicitystudio/v3/developer/toolchains/gnu_arm/4.8_2013q4/bin/../lib/gcc/arm-none-eabi/4.8.3/../../../../arm-none-eabi/lib/armv7e-m\libc_s.a(lib_a-strlen.o)
                              ./Drivers/retargetio.o (strlen)
c:/siliconlabs/simplicitystudio/v3/developer/toolchains/gnu_arm/4.8_2013q4/bin/../lib/gcc/arm-none-eabi/4.8.3/../../../../arm-none-eabi/lib/armv7e-m\libc_s.a(lib_a-vfprintf.o)
                              c:/siliconlabs/simplicitystudio/v3/developer/toolchains/gnu_arm/4.8_2013q4/bin/../lib/gcc/arm-none-eabi/4.8.3/../../../../arm-none-eabi/lib/armv7e-m\libc_s.a(lib_a-printf.o) (_vfprintf_r)
[...]
Memory Configuration

Name             Origin             Length             Attributes
FLASH            0x00000000         0x00040000         xr
RAM              0x20000000         0x00008000         xrw
*default*        0x00000000         0xffffffff

Linker script and memory map

LOAD c:/siliconlabs/simplicitystudio/v3/developer/toolchains/gnu_arm/4.8_2013q4/bin/../lib/gcc/arm-none-eabi/4.8.3/armv7e-m/crti.o
LOAD c:/siliconlabs/simplicitystudio/v3/developer/toolchains/gnu_arm/4.8_2013q4/bin/../lib/gcc/arm-none-eabi/4.8.3/armv7e-m/crtbegin.o
LOAD c:/siliconlabs/simplicitystudio/v3/developer/toolchains/gnu_arm/4.8_2013q4/bin/../lib/gcc/arm-none-eabi/4.8.3/../../../../arm-none-eabi/lib/armv7e-m/crt0.o
LOAD ./src/InitDevice.o
LOAD ./src/main.o
LOAD ./src/printSWO.o
LOAD ./emlib/em_cmu.o
LOAD ./emlib/em_emu.o
LOAD ./emlib/em_gpio.o
LOAD ./emlib/em_int.o
LOAD ./emlib/em_lcd.o
LOAD ./emlib/em_system.o
LOAD ./emlib/em_usart.o
LOAD ./Drivers/gpiointerrupt.o
LOAD ./Drivers/retargetio.o
LOAD ./Drivers/segmentlcd.o
LOAD ./CMSIS/efm32wg/startup_gcc_efm32wg.o
LOAD ./CMSIS/efm32wg/system_efm32wg.o
LOAD ./BSP/bsp_trace.o
LOAD ./BGLib/cmd_def.o
LOAD ./BGLib/stubs.o
START GROUP
LOAD c:/siliconlabs/simplicitystudio/v3/developer/toolchains/gnu_arm/4.8_2013q4/bin/../lib/gcc/arm-none-eabi/4.8.3/armv7e-m\libgcc.a
LOAD c:/siliconlabs/simplicitystudio/v3/developer/toolchains/gnu_arm/4.8_2013q4/bin/../lib/gcc/arm-none-eabi/4.8.3/../../../../arm-none-eabi/lib/armv7e-m\libc_s.a
LOAD c:/siliconlabs/simplicitystudio/v3/developer/toolchains/gnu_arm/4.8_2013q4/bin/../lib/gcc/arm-none-eabi/4.8.3/../../../../arm-none-eabi/lib/armv7e-m\libnosys.a
END GROUP
START GROUP
LOAD c:/siliconlabs/simplicitystudio/v3/developer/toolchains/gnu_arm/4.8_2013q4/bin/../lib/gcc/arm-none-eabi/4.8.3/armv7e-m\libgcc.a
LOAD c:/siliconlabs/simplicitystudio/v3/developer/toolchains/gnu_arm/4.8_2013q4/bin/../lib/gcc/arm-none-eabi/4.8.3/../../../../arm-none-eabi/lib/armv7e-m\libg_s.a
LOAD c:/siliconlabs/simplicitystudio/v3/developer/toolchains/gnu_arm/4.8_2013q4/bin/../lib/gcc/arm-none-eabi/4.8.3/../../../../arm-none-eabi/lib/armv7e-m\libc_s.a
END GROUP
START GROUP
LOAD c:/siliconlabs/simplicitystudio/v3/developer/toolchains/gnu_arm/4.8_2013q4/bin/../lib/gcc/arm-none-eabi/4.8.3/armv7e-m\libgcc.a
LOAD c:/siliconlabs/simplicitystudio/v3/developer/toolchains/gnu_arm/4.8_2013q4/bin/../lib/gcc/arm-none-eabi/4.8.3/../../../../arm-none-eabi/lib/armv7e-m\libc_s.a
END GROUP
LOAD c:/siliconlabs/simplicitystudio/v3/developer/toolchains/gnu_arm/4.8_2013q4/bin/../lib/gcc/arm-none-eabi/4.8.3/armv7e-m/crtend.o
LOAD c:/siliconlabs/simplicitystudio/v3/developer/toolchains/gnu_arm/4.8_2013q4/bin/../lib/gcc/arm-none-eabi/4.8.3/armv7e-m/crtn.o

.text           0x00000000     0x3f18
 *(.vectors)
 .vectors       0x00000000       0xe0 ./CMSIS/efm32wg/startup_gcc_efm32wg.o
                0x00000000                __Vectors
                0x000000e0                __Vectors_End = .
                0x000000e0                __Vectors_Size = (__Vectors_End - __Vectors)
                0x000000e0                __end__ = .
 *(.text*)
 .text          0x000000e0       0x54 c:/siliconlabs/simplicitystudio/v3/developer/toolchains/gnu_arm/4.8_2013q4/bin/../lib/gcc/arm-none-eabi/4.8.3/armv7e-m/crtbegin.o
 .text          0x00000134       0x74 c:/siliconlabs/simplicitystudio/v3/developer/toolchains/gnu_arm/4.8_2013q4/bin/../lib/gcc/arm-none-eabi/4.8.3/../../../../arm-none-eabi/lib/armv7e-m/crt0.o
                0x00000134                _start
                0x00000134                _mainCRTStartup
 .text.enter_DefaultMode_from_RESET
                0x000001a8       0x14 ./src/InitDevice.o
                0x000001a8                enter_DefaultMode_from_RESET
 .text.CMU_enter_DefaultMode_from_RESET
                0x000001bc       0x28 ./src/InitDevice.o
                0x000001bc                CMU_enter_DefaultMode_from_RESET
 .text.USART1_enter_DefaultMode_from_RESET
                0x000001e4       0x80 ./src/InitDevice.o
                0x000001e4                USART1_enter_DefaultMode_from_RESET
 .text.PORTIO_enter_DefaultMode_from_RESET
                0x00000264       0xbc ./src/InitDevice.o
                0x00000264                PORTIO_enter_DefaultMode_from_RESET
 .text.CHIP_Init
                0x00000320        0xc ./src/main.o
 .text.GPIO_PinInGet
                0x0000032c       0x48 ./src/main.o
 .text.spi_output
                0x00000374       0x88 ./src/main.o
                0x00000374                spi_output
 .text.spi_read
                0x000003fc       0x40 ./src/main.o
                0x000003fc                spi_read
 .text.notify_callback
                0x0000043c       0x24 ./src/main.o
                0x0000043c                notify_callback
 .text.read_header
                0x00000460       0x54 ./src/main.o
                0x00000460                read_header
 .text.run_state_machine
                0x000004b4      0x334 ./src/main.o
                0x000004b4                run_state_machine
 .text.init_device
                0x000007e8       0x58 ./src/main.o
                0x000007e8                init_device
 .text.main     0x00000840       0xb8 ./src/main.o
                0x00000840                main
 .text.ITM_SendChar
                0x000008f8       0x4c ./src/printSWO.o
 .text.RETARGET_WriteChar
                0x00000944       0x1c ./src/printSWO.o
                0x00000944                RETARGET_WriteChar
 .text.RETARGET_ReadChar
                0x00000960       0x10 ./src/printSWO.o
                0x00000960                RETARGET_ReadChar
 .text.setupSWOForPrint
                0x00000970       0xf4 ./src/printSWO.o
                0x00000970                setupSWOForPrint
 .text.BITBAND_Peripheral
                0x00000a64       0x2c ./emlib/em_cmu.o
 .text.CMU_FlashWaitStateControl
                0x00000a90       0xb8 ./emlib/em_cmu.o
 .text.CMU_FlashWaitStateMax
                0x00000b48       0x1c ./emlib/em_cmu.o
 .text.CMU_DivToLog2
                0x00000b64       0x3c ./emlib/em_cmu.o
 .text.CMU_USBCClkGet
                0x00000ba0       0x4c ./emlib/em_cmu.o
 .text.CMU_AUXClkGet
                0x00000bec       0x8c ./emlib/em_cmu.o
 .text.CMU_DBGClkGet
                0x00000c78       0x58 ./emlib/em_cmu.o
 .text.CMU_LFClkGet
                0x00000cd0       0xb4 ./emlib/em_cmu.o
 .text.CMU_Sync
                0x00000d84       0x34 ./emlib/em_cmu.o
 .text.CMU_ClockDivSet
                0x00000db8      0x244 ./emlib/em_cmu.o
                0x00000db8                CMU_ClockDivSet
 .text.CMU_ClockEnable
                0x00000ffc       0xe0 ./emlib/em_cmu.o
                0x00000ffc                CMU_ClockEnable
 .text.CMU_ClockFreqGet
                0x000010dc      0x1fc ./emlib/em_cmu.o
                0x000010dc                CMU_ClockFreqGet
 .text.CMU_ClockSelectGet
                0x000012d8      0x164 ./emlib/em_cmu.o
                0x000012d8                CMU_ClockSelectGet
 .text.CMU_ClockSelectSet
                0x0000143c      0x298 ./emlib/em_cmu.o
                0x0000143c                CMU_ClockSelectSet
 .text.CMU_LCDClkFDIVSet
                0x000016d4       0x3c ./emlib/em_cmu.o
                0x000016d4                CMU_LCDClkFDIVSet
 .text.CMU_OscillatorEnable
                0x00001710       0xc0 ./emlib/em_cmu.o
                0x00001710                CMU_OscillatorEnable
 .text.EMU_UpdateOscConfig
                0x000017d0       0x1c ./emlib/em_emu.o
                0x000017d0                EMU_UpdateOscConfig
 .text.BITBAND_Peripheral
                0x000017ec       0x2c ./emlib/em_gpio.o
 .text.GPIO_IntConfig
                0x00001818       0xc0 ./emlib/em_gpio.o
                0x00001818                GPIO_IntConfig
 .text.LCD_Enable
                0x000018d8       0x38 ./emlib/em_lcd.o
 .text.BITBAND_Peripheral
                0x00001910       0x2c ./emlib/em_lcd.o
 .text.LCD_Init
                0x0000193c       0x70 ./emlib/em_lcd.o
                0x0000193c                LCD_Init
 .text.LCD_VLCDSelect
                0x000019ac       0x44 ./emlib/em_lcd.o
                0x000019ac                LCD_VLCDSelect
 .text.LCD_SegmentRangeEnable
                0x000019f0       0x40 ./emlib/em_lcd.o
                0x000019f0                LCD_SegmentRangeEnable
 .text.LCD_SegmentSet
                0x00001a30      0x1e4 ./emlib/em_lcd.o
                0x00001a30                LCD_SegmentSet
 .text.LCD_SegmentSetLow
                0x00001c14      0x17c ./emlib/em_lcd.o
                0x00001c14                LCD_SegmentSetLow
 .text.LCD_SegmentSetHigh
                0x00001d90      0x17c ./emlib/em_lcd.o
                0x00001d90                LCD_SegmentSetHigh
 .text.LCD_VBoostSet
                0x00001f0c       0x28 ./emlib/em_lcd.o
                0x00001f0c                LCD_VBoostSet
 .text.USART_BaudrateSyncSet
                0x00001f34       0x6c ./emlib/em_usart.o
                0x00001f34                USART_BaudrateSyncSet
 .text.USART_InitSync
                0x00001fa0       0xc8 ./emlib/em_usart.o
                0x00001fa0                USART_InitSync
 .text.USART_InitPrsTrigger
                0x00002068       0x60 ./emlib/em_usart.o
                0x00002068                USART_InitPrsTrigger
 .text.USART_Reset
                0x000020c8       0xb0 ./emlib/em_usart.o
                0x000020c8                USART_Reset
 .text.USART_SpiTransfer
                0x00002178       0x40 ./emlib/em_usart.o
                0x00002178                USART_SpiTransfer
 .text.NVIC_EnableIRQ
                0x000021b8       0x30 ./Drivers/gpiointerrupt.o
 .text.NVIC_ClearPendingIRQ
                0x000021e8       0x34 ./Drivers/gpiointerrupt.o
 .text.GPIO_IntClear
                0x0000221c       0x20 ./Drivers/gpiointerrupt.o
 .text.GPIO_IntGetEnabled
                0x0000223c       0x28 ./Drivers/gpiointerrupt.o
 .text.INT_Disable
                0x00002264       0x2c ./Drivers/gpiointerrupt.o
 .text.INT_Enable
                0x00002290       0x3c ./Drivers/gpiointerrupt.o
 .text.GPIOINT_Init
                0x000022cc       0x20 ./Drivers/gpiointerrupt.o
                0x000022cc                GPIOINT_Init
 .text.GPIOINT_CallbackRegister
                0x000022ec       0x28 ./Drivers/gpiointerrupt.o
                0x000022ec                GPIOINT_CallbackRegister
 .text.GPIOINT_IRQDispatcher
                0x00002314       0x64 ./Drivers/gpiointerrupt.o
 .text.GPIO_EVEN_IRQHandler
                0x00002378       0x28 ./Drivers/gpiointerrupt.o
                0x00002378                GPIO_EVEN_IRQHandler
 .text.GPIO_ODD_IRQHandler
                0x000023a0       0x28 ./Drivers/gpiointerrupt.o
                0x000023a0                GPIO_ODD_IRQHandler
 .text._close   0x000023c8       0x18 ./Drivers/retargetio.o
                0x000023c8                _close
 .text._exit    0x000023e0        0xc ./Drivers/retargetio.o
                0x000023e0                _exit
 .text._fstat   0x000023ec       0x20 ./Drivers/retargetio.o
                0x000023ec                _fstat
 .text._isatty  0x0000240c       0x18 ./Drivers/retargetio.o
                0x0000240c                _isatty
 .text._lseek   0x00002424       0x1c ./Drivers/retargetio.o
                0x00002424                _lseek
 .text._read    0x00002440       0x58 ./Drivers/retargetio.o
                0x00002440                _read
 .text._sbrk    0x00002498       0x7c ./Drivers/retargetio.o
                0x00002498                _sbrk
 .text._write   0x00002514       0x38 ./Drivers/retargetio.o
                0x00002514                _write
 .text.LCD_FreezeEnable
                0x0000254c       0x2c ./Drivers/segmentlcd.o
 .text.LCD_SyncBusyDelay
                0x00002578       0x24 ./Drivers/segmentlcd.o
 .text.LCD_IntDisable
                0x0000259c       0x24 ./Drivers/segmentlcd.o
 .text.SegmentLCD_AllOff
                0x000025c0       0xac ./Drivers/segmentlcd.o
                0x000025c0                SegmentLCD_AllOff
 .text.SegmentLCD_AlphaNumberOff
                0x0000266c       0xa8 ./Drivers/segmentlcd.o
                0x0000266c                SegmentLCD_AlphaNumberOff
 .text.SegmentLCD_Init
                0x00002714       0xb8 ./Drivers/segmentlcd.o
                0x00002714                SegmentLCD_Init
 .text.SegmentLCD_Write
                0x000027cc       0xd8 ./Drivers/segmentlcd.o
                0x000027cc                SegmentLCD_Write
 .text          0x000028a4       0x30 ./CMSIS/efm32wg/startup_gcc_efm32wg.o
                0x000028a4                Reset_Handler
                0x000028d0                DebugMon_Handler
                0x000028d0                USART0_TX_IRQHandler
                0x000028d0                I2C0_IRQHandler
                0x000028d0                HardFault_Handler
                0x000028d0                LEUART1_IRQHandler
                0x000028d0                SysTick_Handler
                0x000028d0                USART1_RX_IRQHandler
                0x000028d0                PendSV_Handler
                0x000028d0                NMI_Handler
                0x000028d0                I2C1_IRQHandler
                0x000028d0                TIMER3_IRQHandler
                0x000028d0                USART1_TX_IRQHandler
                0x000028d0                MSC_IRQHandler
                0x000028d0                ADC0_IRQHandler
                0x000028d0                UsageFault_Handler
                0x000028d0                LEUART0_IRQHandler
                0x000028d0                FPUEH_IRQHandler
                0x000028d0                UART0_TX_IRQHandler
                0x000028d0                UART1_TX_IRQHandler
                0x000028d0                RTC_IRQHandler
                0x000028d0                TIMER0_IRQHandler
                0x000028d0                TIMER2_IRQHandler
                0x000028d0                LCD_IRQHandler
                0x000028d0                PCNT2_IRQHandler
                0x000028d0                UART0_RX_IRQHandler
                0x000028d0                LETIMER0_IRQHandler
                0x000028d0                TIMER1_IRQHandler
                0x000028d0                USART2_RX_IRQHandler
                0x000028d0                Default_Handler
                0x000028d0                EMU_IRQHandler
                0x000028d0                PCNT0_IRQHandler
                0x000028d0                USB_IRQHandler
                0x000028d0                BURTC_IRQHandler
                0x000028d0                PCNT1_IRQHandler
                0x000028d0                ACMP0_IRQHandler
                0x000028d0                USART0_RX_IRQHandler
                0x000028d0                MemManage_Handler
                0x000028d0                SVC_Handler
                0x000028d0                DAC0_IRQHandler
                0x000028d0                UART1_RX_IRQHandler
                0x000028d0                CMU_IRQHandler
                0x000028d0                EBI_IRQHandler
                0x000028d0                LESENSE_IRQHandler
                0x000028d0                AES_IRQHandler
                0x000028d0                VCMP_IRQHandler
                0x000028d0                DMA_IRQHandler
                0x000028d0                BusFault_Handler
                0x000028d0                USART2_TX_IRQHandler
 .text.GetProdRev
                0x000028d4       0x1c ./CMSIS/efm32wg/system_efm32wg.o
 .text.SystemCoreClockGet
                0x000028f0       0x48 ./CMSIS/efm32wg/system_efm32wg.o
                0x000028f0                SystemCoreClockGet
 .text.SystemHFClockGet
                0x00002938       0xf0 ./CMSIS/efm32wg/system_efm32wg.o
                0x00002938                SystemHFClockGet
 .text.SystemHFXOClockGet
                0x00002a28       0x18 ./CMSIS/efm32wg/system_efm32wg.o
                0x00002a28                SystemHFXOClockGet
 .text.SystemInit
                0x00002a40       0x20 ./CMSIS/efm32wg/system_efm32wg.o
                0x00002a40                SystemInit
 .text.SystemLFRCOClockGet
                0x00002a60       0x14 ./CMSIS/efm32wg/system_efm32wg.o
                0x00002a60                SystemLFRCOClockGet
 .text.SystemULFRCOClockGet
                0x00002a74       0x14 ./CMSIS/efm32wg/system_efm32wg.o
                0x00002a74                SystemULFRCOClockGet
 .text.SystemLFXOClockGet
                0x00002a88       0x18 ./CMSIS/efm32wg/system_efm32wg.o
                0x00002a88                SystemLFXOClockGet
 .text.exit     0x00002aa0       0x28 c:/siliconlabs/simplicitystudio/v3/developer/toolchains/gnu_arm/4.8_2013q4/bin/../lib/gcc/arm-none-eabi/4.8.3/../../../../arm-none-eabi/lib/armv7e-m\libc_s.a(lib_a-exit.o)
                0x00002aa0                exit
 .text.fileno   0x00002ac8       0x5c c:/siliconlabs/simplicitystudio/v3/developer/toolchains/gnu_arm/4.8_2013q4/bin/../lib/gcc/arm-none-eabi/4.8.3/../../../../arm-none-eabi/lib/armv7e-m\libc_s.a(lib_a-fileno.o)
                0x00002ac8                fileno
 .text._cleanup_r
                0x00002b24       0x32 c:/siliconlabs/simplicitystudio/v3/developer/toolchains/gnu_arm/4.8_2013q4/bin/../lib/gcc/arm-none-eabi/4.8.3/../../../../arm-none-eabi/lib/armv7e-m\libc_s.a(lib_a-findfp.o)
                0x00002b24                _cleanup_r
 *fill*         0x00002b56        0x2 
 .text.std.isra.0
                0x00002b58       0x48 c:/siliconlabs/simplicitystudio/v3/developer/toolchains/gnu_arm/4.8_2013q4/bin/../lib/gcc/arm-none-eabi/4.8.3/../../../../arm-none-eabi/lib/armv7e-m\libc_s.a(lib_a-findfp.o)
 .text.__sfmoreglue
                0x00002ba0       0x2c c:/siliconlabs/simplicitystudio/v3/developer/toolchains/gnu_arm/4.8_2013q4/bin/../lib/gcc/arm-none-eabi/4.8.3/../../../../arm-none-eabi/lib/armv7e-m\libc_s.a(lib_a-findfp.o)
                0x00002ba0                __sfmoreglue
 .text.__sinit  0x00002bcc       0x60 c:/siliconlabs/simplicitystudio/v3/developer/toolchains/gnu_arm/4.8_2013q4/bin/../lib/gcc/arm-none-eabi/4.8.3/../../../../arm-none-eabi/lib/armv7e-m\libc_s.a(lib_a-findfp.o)
                0x00002bcc                __sinit
 .text.__sfp    0x00002c2c       0x74 c:/siliconlabs/simplicitystudio/v3/developer/toolchains/gnu_arm/4.8_2013q4/bin/../lib/gcc/arm-none-eabi/4.8.3/../../../../arm-none-eabi/lib/armv7e-m\libc_s.a(lib_a-findfp.o)
                0x00002c2c                __sfp
 .text.__libc_init_array
                0x00002ca0       0x4c c:/siliconlabs/simplicitystudio/v3/developer/toolchains/gnu_arm/4.8_2013q4/bin/../lib/gcc/arm-none-eabi/4.8.3/../../../../arm-none-eabi/lib/armv7e-m\libc_s.a(lib_a-init.o)
                0x00002ca0                __libc_init_array
 .text.memset   0x00002cec       0x10 c:/siliconlabs/simplicitystudio/v3/developer/toolchains/gnu_arm/4.8_2013q4/bin/../lib/gcc/arm-none-eabi/4.8.3/../../../../arm-none-eabi/lib/armv7e-m\libc_s.a(lib_a-memset.o)
                0x00002cec                memset
 .text._malloc_r
                0x00002cfc       0xa8 c:/siliconlabs/simplicitystudio/v3/developer/toolchains/gnu_arm/4.8_2013q4/bin/../lib/gcc/arm-none-eabi/4.8.3/../../../../arm-none-eabi/lib/armv7e-m\libc_s.a(lib_a-nano-mallocr.o)
                0x00002cfc                _malloc_r
 .text.printf   0x00002da4       0x30 c:/siliconlabs/simplicitystudio/v3/developer/toolchains/gnu_arm/4.8_2013q4/bin/../lib/gcc/arm-none-eabi/4.8.3/../../../../arm-none-eabi/lib/armv7e-m\libc_s.a(lib_a-printf.o)
                0x00002da4                iprintf
                0x00002da4                printf
 .text._sbrk_r  0x00002dd4       0x20 c:/siliconlabs/simplicitystudio/v3/developer/toolchains/gnu_arm/4.8_2013q4/bin/../lib/gcc/arm-none-eabi/4.8.3/../../../../arm-none-eabi/lib/armv7e-m\libc_s.a(lib_a-sbrkr.o)
                0x00002dd4                _sbrk_r
 .text.__sread  0x00002df4       0x22 c:/siliconlabs/simplicitystudio/v3/developer/toolchains/gnu_arm/4.8_2013q4/bin/../lib/gcc/arm-none-eabi/4.8.3/../../../../arm-none-eabi/lib/armv7e-m\libc_s.a(lib_a-stdio.o)
                0x00002df4                __sread
 .text.__swrite
                0x00002e16       0x38 c:/siliconlabs/simplicitystudio/v3/developer/toolchains/gnu_arm/4.8_2013q4/bin/../lib/gcc/arm-none-eabi/4.8.3/../../../../arm-none-eabi/lib/armv7e-m\libc_s.a(lib_a-stdio.o)
                0x00002e16                __swrite
 .text.__sseek  0x00002e4e       0x24 c:/siliconlabs/simplicitystudio/v3/developer/toolchains/gnu_arm/4.8_2013q4/bin/../lib/gcc/arm-none-eabi/4.8.3/../../../../arm-none-eabi/lib/armv7e-m\libc_s.a(lib_a-stdio.o)
                0x00002e4e                __sseek
 .text.__sclose
                0x00002e72        0x8 c:/siliconlabs/simplicitystudio/v3/developer/toolchains/gnu_arm/4.8_2013q4/bin/../lib/gcc/arm-none-eabi/4.8.3/../../../../arm-none-eabi/lib/armv7e-m\libc_s.a(lib_a-stdio.o)
                0x00002e72                __sclose
 .text.strlen   0x00002e7a       0x10 c:/siliconlabs/simplicitystudio/v3/developer/toolchains/gnu_arm/4.8_2013q4/bin/../lib/gcc/arm-none-eabi/4.8.3/../../../../arm-none-eabi/lib/armv7e-m\libc_s.a(lib_a-strlen.o)
                0x00002e7a                strlen
 .text.__sfputc_r
                0x00002e8a       0x2c c:/siliconlabs/simplicitystudio/v3/developer/toolchains/gnu_arm/4.8_2013q4/bin/../lib/gcc/arm-none-eabi/4.8.3/../../../../arm-none-eabi/lib/armv7e-m\libc_s.a(lib_a-vfprintf.o)
 .text.__sfputs_r
                0x00002eb6       0x24 c:/siliconlabs/simplicitystudio/v3/developer/toolchains/gnu_arm/4.8_2013q4/bin/../lib/gcc/arm-none-eabi/4.8.3/../../../../arm-none-eabi/lib/armv7e-m\libc_s.a(lib_a-vfprintf.o)
                0x00002eb6                __sfputs_r
 *fill*         0x00002eda        0x2 
 .text._vfprintf_r
                0x00002edc      0x208 c:/siliconlabs/simplicitystudio/v3/developer/toolchains/gnu_arm/4.8_2013q4/bin/../lib/gcc/arm-none-eabi/4.8.3/../../../../arm-none-eabi/lib/armv7e-m\libc_s.a(lib_a-vfprintf.o)
                0x00002edc                _vfprintf_r
                0x00002edc                _vfiprintf_r
 .text._printf_common
                0x000030e4       0xe4 c:/siliconlabs/simplicitystudio/v3/developer/toolchains/gnu_arm/4.8_2013q4/bin/../lib/gcc/arm-none-eabi/4.8.3/../../../../arm-none-eabi/lib/armv7e-m\libc_s.a(lib_a-vfprintf_i.o)
                0x000030e4                _printf_common
 .text._printf_i
                0x000031c8      0x228 c:/siliconlabs/simplicitystudio/v3/developer/toolchains/gnu_arm/4.8_2013q4/bin/../lib/gcc/arm-none-eabi/4.8.3/../../../../arm-none-eabi/lib/armv7e-m\libc_s.a(lib_a-vfprintf_i.o)
                0x000031c8                _printf_i
 .text.__swbuf_r
                0x000033f0       0xa8 c:/siliconlabs/simplicitystudio/v3/developer/toolchains/gnu_arm/4.8_2013q4/bin/../lib/gcc/arm-none-eabi/4.8.3/../../../../arm-none-eabi/lib/armv7e-m\libc_s.a(lib_a-wbuf.o)
                0x000033f0                __swbuf_r
 .text._write_r
                0x00003498       0x24 c:/siliconlabs/simplicitystudio/v3/developer/toolchains/gnu_arm/4.8_2013q4/bin/../lib/gcc/arm-none-eabi/4.8.3/../../../../arm-none-eabi/lib/armv7e-m\libc_s.a(lib_a-writer.o)
                0x00003498                _write_r
 .text.__swsetup_r
                0x000034bc       0xdc c:/siliconlabs/simplicitystudio/v3/developer/toolchains/gnu_arm/4.8_2013q4/bin/../lib/gcc/arm-none-eabi/4.8.3/../../../../arm-none-eabi/lib/armv7e-m\libc_s.a(lib_a-wsetup.o)
                0x000034bc                __swsetup_r
 .text._close_r
                0x00003598       0x20 c:/siliconlabs/simplicitystudio/v3/developer/toolchains/gnu_arm/4.8_2013q4/bin/../lib/gcc/arm-none-eabi/4.8.3/../../../../arm-none-eabi/lib/armv7e-m\libc_s.a(lib_a-closer.o)
                0x00003598                _close_r
 .text.__sflush_r
                0x000035b8      0x106 c:/siliconlabs/simplicitystudio/v3/developer/toolchains/gnu_arm/4.8_2013q4/bin/../lib/gcc/arm-none-eabi/4.8.3/../../../../arm-none-eabi/lib/armv7e-m\libc_s.a(lib_a-fflush.o)
                0x000035b8                __sflush_r
 *fill*         0x000036be        0x2 
 .text._fflush_r
                0x000036c0       0x54 c:/siliconlabs/simplicitystudio/v3/developer/toolchains/gnu_arm/4.8_2013q4/bin/../lib/gcc/arm-none-eabi/4.8.3/../../../../arm-none-eabi/lib/armv7e-m\libc_s.a(lib_a-fflush.o)
                0x000036c0                _fflush_r
 .text._lseek_r
                0x00003714       0x24 c:/siliconlabs/simplicitystudio/v3/developer/toolchains/gnu_arm/4.8_2013q4/bin/../lib/gcc/arm-none-eabi/4.8.3/../../../../arm-none-eabi/lib/armv7e-m\libc_s.a(lib_a-lseekr.o)
                0x00003714                _lseek_r
 .text.__smakebuf_r
                0x00003738       0x9c c:/siliconlabs/simplicitystudio/v3/developer/toolchains/gnu_arm/4.8_2013q4/bin/../lib/gcc/arm-none-eabi/4.8.3/../../../../arm-none-eabi/lib/armv7e-m\libc_s.a(lib_a-makebuf.o)
                0x00003738                __smakebuf_r
 .text.memchr   0x000037d4       0x1e c:/siliconlabs/simplicitystudio/v3/developer/toolchains/gnu_arm/4.8_2013q4/bin/../lib/gcc/arm-none-eabi/4.8.3/../../../../arm-none-eabi/lib/armv7e-m\libc_s.a(lib_a-memchr-stub.o)
                0x000037d4                memchr
 *fill*         0x000037f2        0x2 
 .text._free_r  0x000037f4       0x88 c:/siliconlabs/simplicitystudio/v3/developer/toolchains/gnu_arm/4.8_2013q4/bin/../lib/gcc/arm-none-eabi/4.8.3/../../../../arm-none-eabi/lib/armv7e-m\libc_s.a(lib_a-nano-freer.o)
                0x000037f4                _free_r
 .text._read_r  0x0000387c       0x24 c:/siliconlabs/simplicitystudio/v3/developer/toolchains/gnu_arm/4.8_2013q4/bin/../lib/gcc/arm-none-eabi/4.8.3/../../../../arm-none-eabi/lib/armv7e-m\libc_s.a(lib_a-readr.o)
                0x0000387c                _read_r
 .text._fstat_r
                0x000038a0       0x24 c:/siliconlabs/simplicitystudio/v3/developer/toolchains/gnu_arm/4.8_2013q4/bin/../lib/gcc/arm-none-eabi/4.8.3/../../../../arm-none-eabi/lib/armv7e-m\libc_s.a(lib_a-fstatr.o)
                0x000038a0                _fstat_r
 .text._isatty_r
                0x000038c4       0x20 c:/siliconlabs/simplicitystudio/v3/developer/toolchains/gnu_arm/4.8_2013q4/bin/../lib/gcc/arm-none-eabi/4.8.3/../../../../arm-none-eabi/lib/armv7e-m\libc_s.a(lib_a-isattyr.o)
                0x000038c4                _isatty_r
 *(.init)
 .init          0x000038e4        0x4 c:/siliconlabs/simplicitystudio/v3/developer/toolchains/gnu_arm/4.8_2013q4/bin/../lib/gcc/arm-none-eabi/4.8.3/armv7e-m/crti.o
                0x000038e4                _init
 .init          0x000038e8        0x8 c:/siliconlabs/simplicitystudio/v3/developer/toolchains/gnu_arm/4.8_2013q4/bin/../lib/gcc/arm-none-eabi/4.8.3/armv7e-m/crtn.o
 *(.fini)
 .fini          0x000038f0        0x4 c:/siliconlabs/simplicitystudio/v3/developer/toolchains/gnu_arm/4.8_2013q4/bin/../lib/gcc/arm-none-eabi/4.8.3/armv7e-m/crti.o
                0x000038f0                _fini
 .fini          0x000038f4        0x8 c:/siliconlabs/simplicitystudio/v3/developer/toolchains/gnu_arm/4.8_2013q4/bin/../lib/gcc/arm-none-eabi/4.8.3/armv7e-m/crtn.o
 *crtbegin.o(.ctors)
 *crtbegin?.o(.ctors)
 *(EXCLUDE_FILE(*crtend.o *crtend?.o) .ctors)
 *(SORT(.ctors.*))
 *(.ctors)
 *crtbegin.o(.dtors)
 *crtbegin?.o(.dtors)
 *(EXCLUDE_FILE(*crtend.o *crtend?.o) .dtors)
 *(SORT(.dtors.*))
 *(.dtors)
 *(.rodata*)
 .rodata        0x000038fc       0x18 ./src/InitDevice.o
 .rodata        0x00003914      0x35c ./src/main.o
 .rodata.heaperr.6555
                0x00003c70       0x1c ./Drivers/retargetio.o
 .rodata.EFM_Display
                0x00003c8c      0x120 ./Drivers/segmentlcd.o
 .rodata.EFM_Alphabet
                0x00003dac       0xb8 ./Drivers/segmentlcd.o
 .rodata.lcdInit
                0x00003e64       0x14 ./Drivers/segmentlcd.o
 .rodata.__sf_fake_stdin
                0x00003e78       0x20 c:/siliconlabs/simplicitystudio/v3/developer/toolchains/gnu_arm/4.8_2013q4/bin/../lib/gcc/arm-none-eabi/4.8.3/../../../../arm-none-eabi/lib/armv7e-m\libc_s.a(lib_a-findfp.o)
                0x00003e78                __sf_fake_stdin
 .rodata.__sf_fake_stdout
                0x00003e98       0x20 c:/siliconlabs/simplicitystudio/v3/developer/toolchains/gnu_arm/4.8_2013q4/bin/../lib/gcc/arm-none-eabi/4.8.3/../../../../arm-none-eabi/lib/armv7e-m\libc_s.a(lib_a-findfp.o)
                0x00003e98                __sf_fake_stdout
 .rodata.__sf_fake_stderr
                0x00003eb8       0x20 c:/siliconlabs/simplicitystudio/v3/developer/toolchains/gnu_arm/4.8_2013q4/bin/../lib/gcc/arm-none-eabi/4.8.3/../../../../arm-none-eabi/lib/armv7e-m\libc_s.a(lib_a-findfp.o)
                0x00003eb8                __sf_fake_stderr
 .rodata.str1.1
                0x00003ed8        0x2 c:/siliconlabs/simplicitystudio/v3/developer/toolchains/gnu_arm/4.8_2013q4/bin/../lib/gcc/arm-none-eabi/4.8.3/../../../../arm-none-eabi/lib/armv7e-m\libc_s.a(lib_a-impure.o)
 *fill*         0x00003eda        0x2 
 .rodata._global_impure_ptr
                0x00003edc        0x4 c:/siliconlabs/simplicitystudio/v3/developer/toolchains/gnu_arm/4.8_2013q4/bin/../lib/gcc/arm-none-eabi/4.8.3/../../../../arm-none-eabi/lib/armv7e-m\libc_s.a(lib_a-impure.o)
                0x00003edc                _global_impure_ptr
 .rodata.str1.1
                0x00003ee0       0x11 c:/siliconlabs/simplicitystudio/v3/developer/toolchains/gnu_arm/4.8_2013q4/bin/../lib/gcc/arm-none-eabi/4.8.3/../../../../arm-none-eabi/lib/armv7e-m\libc_s.a(lib_a-vfprintf.o)
 .rodata.str1.1
                0x00003ef1       0x22 c:/siliconlabs/simplicitystudio/v3/developer/toolchains/gnu_arm/4.8_2013q4/bin/../lib/gcc/arm-none-eabi/4.8.3/../../../../arm-none-eabi/lib/armv7e-m\libc_s.a(lib_a-vfprintf_i.o)
 *(.eh_frame*)
 *fill*         0x00003f13        0x1 
 .eh_frame      0x00003f14        0x0 c:/siliconlabs/simplicitystudio/v3/developer/toolchains/gnu_arm/4.8_2013q4/bin/../lib/gcc/arm-none-eabi/4.8.3/armv7e-m/crtbegin.o
 .eh_frame      0x00003f14        0x4 c:/siliconlabs/simplicitystudio/v3/developer/toolchains/gnu_arm/4.8_2013q4/bin/../lib/gcc/arm-none-eabi/4.8.3/armv7e-m/crtend.o

.glue_7         0x00003f18        0x0
 .glue_7        0x00000000        0x0 linker stubs

.glue_7t        0x00003f18        0x0
 .glue_7t       0x00000000        0x0 linker stubs

.vfp11_veneer   0x00003f18        0x0
 .vfp11_veneer  0x00000000        0x0 linker stubs

.v4_bx          0x00003f18        0x0
 .v4_bx         0x00000000        0x0 linker stubs

.iplt           0x00003f18        0x0
 .iplt          0x00000000        0x0 c:/siliconlabs/simplicitystudio/v3/developer/toolchains/gnu_arm/4.8_2013q4/bin/../lib/gcc/arm-none-eabi/4.8.3/armv7e-m/crtbegin.o

.ARM.extab
 *(.ARM.extab* .gnu.linkonce.armextab.*)
                0x00003f18                __exidx_start = .

.ARM.exidx      0x00003f18        0x8
 *(.ARM.exidx* .gnu.linkonce.armexidx.*)
 .ARM.exidx     0x00003f18        0x8 c:/siliconlabs/simplicitystudio/v3/developer/toolchains/gnu_arm/4.8_2013q4/bin/../lib/gcc/arm-none-eabi/4.8.3/../../../../arm-none-eabi/lib/armv7e-m/crt0.o
                0x00003f20                __exidx_end = .
                0x00003f20                __etext = .

.rel.dyn        0x00003f20        0x0
 .rel.iplt      0x00000000        0x0 c:/siliconlabs/simplicitystudio/v3/developer/toolchains/gnu_arm/4.8_2013q4/bin/../lib/gcc/arm-none-eabi/4.8.3/armv7e-m/crtbegin.o

.data           0x20000000       0x84 load address 0x00003f20
                0x20000000                __data_start__ = .
 *(vtable)
 *(.data*)
 .data.SSID     0x20000000        0xc ./src/main.o
                0x20000000                SSID
 .data.SystemHFXOClock
                0x2000000c        0x4 ./CMSIS/efm32wg/system_efm32wg.o
 .data.SystemLFXOClock
                0x20000010        0x4 ./CMSIS/efm32wg/system_efm32wg.o
 .data.impure_data
                0x20000014       0x60 c:/siliconlabs/simplicitystudio/v3/developer/toolchains/gnu_arm/4.8_2013q4/bin/../lib/gcc/arm-none-eabi/4.8.3/../../../../arm-none-eabi/lib/armv7e-m\libc_s.a(lib_a-impure.o)
 .data._impure_ptr
                0x20000074        0x4 c:/siliconlabs/simplicitystudio/v3/developer/toolchains/gnu_arm/4.8_2013q4/bin/../lib/gcc/arm-none-eabi/4.8.3/../../../../arm-none-eabi/lib/armv7e-m\libc_s.a(lib_a-impure.o)
                0x20000074                _impure_ptr
                0x20000078                . = ALIGN (0x4)
 *(.ram)
                0x20000078                . = ALIGN (0x4)
                0x20000078                PROVIDE (__preinit_array_start, .)
 *(.preinit_array)
                0x20000078                PROVIDE (__preinit_array_end, .)
                0x20000078                . = ALIGN (0x4)
                0x20000078                PROVIDE (__init_array_start, .)
 *(SORT(.init_array.*))
 *(.init_array)
 .init_array    0x20000078        0x4 c:/siliconlabs/simplicitystudio/v3/developer/toolchains/gnu_arm/4.8_2013q4/bin/../lib/gcc/arm-none-eabi/4.8.3/armv7e-m/crtbegin.o
                0x2000007c                PROVIDE (__init_array_end, .)
                0x2000007c                . = ALIGN (0x4)
                0x2000007c                PROVIDE (__fini_array_start, .)
 *(SORT(.fini_array.*))
 *(.fini_array)
 .fini_array    0x2000007c        0x4 c:/siliconlabs/simplicitystudio/v3/developer/toolchains/gnu_arm/4.8_2013q4/bin/../lib/gcc/arm-none-eabi/4.8.3/armv7e-m/crtbegin.o
                0x20000080                PROVIDE (__fini_array_end, .)
 *(.jcr*)
 .jcr           0x20000080        0x0 c:/siliconlabs/simplicitystudio/v3/developer/toolchains/gnu_arm/4.8_2013q4/bin/../lib/gcc/arm-none-eabi/4.8.3/armv7e-m/crtbegin.o
 .jcr           0x20000080        0x4 c:/siliconlabs/simplicitystudio/v3/developer/toolchains/gnu_arm/4.8_2013q4/bin/../lib/gcc/arm-none-eabi/4.8.3/armv7e-m/crtend.o
                0x20000084                . = ALIGN (0x4)
                0x20000084                __data_end__ = .

.igot.plt       0x20000084        0x0 load address 0x00003fa4
 .igot.plt      0x00000000        0x0 c:/siliconlabs/simplicitystudio/v3/developer/toolchains/gnu_arm/4.8_2013q4/bin/../lib/gcc/arm-none-eabi/4.8.3/armv7e-m/crtbegin.o

.bss            0x20000084      0x9ac load address 0x00003fa4
                0x20000084                . = ALIGN (0x4)
                0x20000084                __bss_start__ = .
 *(.bss*)
 .bss           0x20000084       0x1c c:/siliconlabs/simplicitystudio/v3/developer/toolchains/gnu_arm/4.8_2013q4/bin/../lib/gcc/arm-none-eabi/4.8.3/armv7e-m/crtbegin.o
 .bss.notifications
                0x200000a0        0x4 ./src/main.o
                0x200000a0                notifications
 .bss.notifications_handled
                0x200000a4        0x4 ./src/main.o
                0x200000a4                notifications_handled
 .bss.tmp_idx_w
                0x200000a8        0x1 ./src/main.o
                0x200000a8                tmp_idx_w
 .bss.tmp_idx_r
                0x200000a9        0x1 ./src/main.o
                0x200000a9                tmp_idx_r
 .bss.ap_mode_started
                0x200000aa        0x1 ./src/main.o
                0x200000aa                ap_mode_started
 *fill*         0x200000ab        0x1 
 .bss.cmuStatus
                0x200000ac        0x4 ./emlib/em_emu.o
 .bss.INT_LockCnt
                0x200000b0        0x4 ./emlib/em_int.o
                0x200000b0                INT_LockCnt
 .bss.gpioCallbacks
                0x200000b4       0x40 ./Drivers/gpiointerrupt.o
 .bss.heap_end.6553
                0x200000f4        0x4 ./Drivers/retargetio.o
 .bss.bglib_output
                0x200000f8        0x4 ./BGLib/cmd_def.o
                0x200000f8                bglib_output
 .bss.__malloc_sbrk_start
                0x200000fc        0x4 c:/siliconlabs/simplicitystudio/v3/developer/toolchains/gnu_arm/4.8_2013q4/bin/../lib/gcc/arm-none-eabi/4.8.3/../../../../arm-none-eabi/lib/armv7e-m\libc_s.a(lib_a-nano-mallocr.o)
                0x200000fc                __malloc_sbrk_start
 .bss.__malloc_free_list
                0x20000100        0x4 c:/siliconlabs/simplicitystudio/v3/developer/toolchains/gnu_arm/4.8_2013q4/bin/../lib/gcc/arm-none-eabi/4.8.3/../../../../arm-none-eabi/lib/armv7e-m\libc_s.a(lib_a-nano-mallocr.o)
                0x20000100                __malloc_free_list
 *(COMMON)
 COMMON         0x20000104      0x924 ./src/main.o
                0x20000104                ip_address
                0x20000108                bglib_temp_msg
                0x2000011c                netmask
                0x20000120                tmp_buf
                0x20000220                rx_buf
                0x20000a24                gateway
 COMMON         0x20000a28        0x4 ./CMSIS/efm32wg/system_efm32wg.o
                0x20000a28                SystemCoreClock
 COMMON         0x20000a2c        0x4 c:/siliconlabs/simplicitystudio/v3/developer/toolchains/gnu_arm/4.8_2013q4/bin/../lib/gcc/arm-none-eabi/4.8.3/../../../../arm-none-eabi/lib/armv7e-m\libc_s.a(lib_a-reent.o)
                0x20000a2c                errno
                0x20000a30                . = ALIGN (0x4)
                0x20000a30                __bss_end__ = .

.heap           0x20000a30      0xc00
                0x20000a30                __HeapBase = .
                0x20000a30                __end__ = .
                0x20000a30                end = __end__
                0x20000a30                _end = __end__
 *(.heap*)
 .heap          0x20000a30      0xc00 ./CMSIS/efm32wg/startup_gcc_efm32wg.o
                0x20001630                __HeapLimit = .

.stack_dummy    0x20000a30      0x400
 *(.stack*)
 .stack         0x20000a30      0x400 ./CMSIS/efm32wg/startup_gcc_efm32wg.o
                0x20008000                __StackTop = (ORIGIN (RAM) + 0x8000)
                0x20007c00                __StackLimit = (__StackTop - SIZEOF (.stack_dummy))
                0x20008000                PROVIDE (__stack, __StackTop)
                0x00000001                ASSERT ((__StackLimit >= __HeapLimit), region RAM overflowed with stack)
                0x00000001                ASSERT ((0x40000 >= (__etext + SIZEOF (.data))), FLASH memory overflowed !)
OUTPUT(spi_host_test_bench.axf elf32-littlearm)

.ARM.attributes
                0x00000000       0x2e
 .ARM.attributes
                0x00000000       0x1e c:/siliconlabs/simplicitystudio/v3/developer/toolchains/gnu_arm/4.8_2013q4/bin/../lib/gcc/arm-none-eabi/4.8.3/armv7e-m/crti.o
 .ARM.attributes
                0x0000001e       0x2e c:/siliconlabs/simplicitystudio/v3/developer/toolchains/gnu_arm/4.8_2013q4/bin/../lib/gcc/arm-none-eabi/4.8.3/armv7e-m/crtbegin.o
 .ARM.attributes
                0x0000004c       0x1c c:/siliconlabs/simplicitystudio/v3/developer/toolchains/gnu_arm/4.8_2013q4/bin/../lib/gcc/arm-none-eabi/4.8.3/../../../../arm-none-eabi/lib/armv7e-m/crt0.o
 .ARM.attributes
                0x00000068       0x37 ./src/InitDevice.o
 .ARM.attributes
                0x0000009f       0x37 ./src/main.o
 .ARM.attributes
                0x000000d6       0x37 ./src/printSWO.o
 .ARM.attributes
                0x0000010d       0x37 ./emlib/em_cmu.o
 .ARM.attributes
                0x00000144       0x37 ./emlib/em_emu.o
 .ARM.attributes
                0x0000017b       0x37 ./emlib/em_gpio.o
 .ARM.attributes
                0x000001b2       0x37 ./emlib/em_int.o
 .ARM.attributes
                0x000001e9       0x37 ./emlib/em_lcd.o
 .ARM.attributes
                0x00000220       0x37 ./emlib/em_usart.o
 .ARM.attributes
                0x00000257       0x37 ./Drivers/gpiointerrupt.o
 .ARM.attributes
                0x0000028e       0x37 ./Drivers/retargetio.o
 .ARM.attributes
                0x000002c5       0x37 ./Drivers/segmentlcd.o
 .ARM.attributes
                0x000002fc       0x1b ./CMSIS/efm32wg/startup_gcc_efm32wg.o
 .ARM.attributes
                0x00000317       0x37 ./CMSIS/efm32wg/system_efm32wg.o
 .ARM.attributes
                0x0000034e       0x37 ./BGLib/cmd_def.o
 .ARM.attributes
                0x00000385       0x2e c:/siliconlabs/simplicitystudio/v3/developer/toolchains/gnu_arm/4.8_2013q4/bin/../lib/gcc/arm-none-eabi/4.8.3/../../../../arm-none-eabi/lib/armv7e-m\libc_s.a(lib_a-exit.o)
 .ARM.attributes
                0x000003b3       0x2e c:/siliconlabs/simplicitystudio/v3/developer/toolchains/gnu_arm/4.8_2013q4/bin/../lib/gcc/arm-none-eabi/4.8.3/../../../../arm-none-eabi/lib/armv7e-m\libc_s.a(lib_a-fileno.o)
 .ARM.attributes
                0x000003e1       0x2e c:/siliconlabs/simplicitystudio/v3/developer/toolchains/gnu_arm/4.8_2013q4/bin/../lib/gcc/arm-none-eabi/4.8.3/../../../../arm-none-eabi/lib/armv7e-m\libc_s.a(lib_a-findfp.o)
 .ARM.attributes
                0x0000040f       0x2e c:/siliconlabs/simplicitystudio/v3/developer/toolchains/gnu_arm/4.8_2013q4/bin/../lib/gcc/arm-none-eabi/4.8.3/../../../../arm-none-eabi/lib/armv7e-m\libc_s.a(lib_a-impure.o)
 .ARM.attributes
                0x0000043d       0x2e c:/siliconlabs/simplicitystudio/v3/developer/toolchains/gnu_arm/4.8_2013q4/bin/../lib/gcc/arm-none-eabi/4.8.3/../../../../arm-none-eabi/lib/armv7e-m\libc_s.a(lib_a-init.o)
 .ARM.attributes
                0x0000046b       0x2e c:/siliconlabs/simplicitystudio/v3/developer/toolchains/gnu_arm/4.8_2013q4/bin/../lib/gcc/arm-none-eabi/4.8.3/../../../../arm-none-eabi/lib/armv7e-m\libc_s.a(lib_a-memset.o)
 .ARM.attributes
                0x00000499       0x2e c:/siliconlabs/simplicitystudio/v3/developer/toolchains/gnu_arm/4.8_2013q4/bin/../lib/gcc/arm-none-eabi/4.8.3/../../../../arm-none-eabi/lib/armv7e-m\libc_s.a(lib_a-nano-mallocr.o)
 .ARM.attributes
                0x000004c7       0x2e c:/siliconlabs/simplicitystudio/v3/developer/toolchains/gnu_arm/4.8_2013q4/bin/../lib/gcc/arm-none-eabi/4.8.3/../../../../arm-none-eabi/lib/armv7e-m\libc_s.a(lib_a-printf.o)
 .ARM.attributes
                0x000004f5       0x2e c:/siliconlabs/simplicitystudio/v3/developer/toolchains/gnu_arm/4.8_2013q4/bin/../lib/gcc/arm-none-eabi/4.8.3/../../../../arm-none-eabi/lib/armv7e-m\libc_s.a(lib_a-sbrkr.o)
 .ARM.attributes
                0x00000523       0x2e c:/siliconlabs/simplicitystudio/v3/developer/toolchains/gnu_arm/4.8_2013q4/bin/../lib/gcc/arm-none-eabi/4.8.3/../../../../arm-none-eabi/lib/armv7e-m\libc_s.a(lib_a-stdio.o)
 .ARM.attributes
                0x00000551       0x2e c:/siliconlabs/simplicitystudio/v3/developer/toolchains/gnu_arm/4.8_2013q4/bin/../lib/gcc/arm-none-eabi/4.8.3/../../../../arm-none-eabi/lib/armv7e-m\libc_s.a(lib_a-strlen.o)
 .ARM.attributes
                0x0000057f       0x2e c:/siliconlabs/simplicitystudio/v3/developer/toolchains/gnu_arm/4.8_2013q4/bin/../lib/gcc/arm-none-eabi/4.8.3/../../../../arm-none-eabi/lib/armv7e-m\libc_s.a(lib_a-vfprintf.o)
 .ARM.attributes
                0x000005ad       0x2e c:/siliconlabs/simplicitystudio/v3/developer/toolchains/gnu_arm/4.8_2013q4/bin/../lib/gcc/arm-none-eabi/4.8.3/../../../../arm-none-eabi/lib/armv7e-m\libc_s.a(lib_a-vfprintf_i.o)
 .ARM.attributes
                0x000005db       0x2e c:/siliconlabs/simplicitystudio/v3/developer/toolchains/gnu_arm/4.8_2013q4/bin/../lib/gcc/arm-none-eabi/4.8.3/../../../../arm-none-eabi/lib/armv7e-m\libc_s.a(lib_a-wbuf.o)
 .ARM.attributes
                0x00000609       0x2e c:/siliconlabs/simplicitystudio/v3/developer/toolchains/gnu_arm/4.8_2013q4/bin/../lib/gcc/arm-none-eabi/4.8.3/../../../../arm-none-eabi/lib/armv7e-m\libc_s.a(lib_a-writer.o)
 .ARM.attributes
                0x00000637       0x2e c:/siliconlabs/simplicitystudio/v3/developer/toolchains/gnu_arm/4.8_2013q4/bin/../lib/gcc/arm-none-eabi/4.8.3/../../../../arm-none-eabi/lib/armv7e-m\libc_s.a(lib_a-wsetup.o)
 .ARM.attributes
                0x00000665       0x2e c:/siliconlabs/simplicitystudio/v3/developer/toolchains/gnu_arm/4.8_2013q4/bin/../lib/gcc/arm-none-eabi/4.8.3/../../../../arm-none-eabi/lib/armv7e-m\libc_s.a(lib_a-closer.o)
 .ARM.attributes
                0x00000693       0x2e c:/siliconlabs/simplicitystudio/v3/developer/toolchains/gnu_arm/4.8_2013q4/bin/../lib/gcc/arm-none-eabi/4.8.3/../../../../arm-none-eabi/lib/armv7e-m\libc_s.a(lib_a-fflush.o)
 .ARM.attributes
                0x000006c1       0x2e c:/siliconlabs/simplicitystudio/v3/developer/toolchains/gnu_arm/4.8_2013q4/bin/../lib/gcc/arm-none-eabi/4.8.3/../../../../arm-none-eabi/lib/armv7e-m\libc_s.a(lib_a-lseekr.o)
 .ARM.attributes
                0x000006ef       0x2e c:/siliconlabs/simplicitystudio/v3/developer/toolchains/gnu_arm/4.8_2013q4/bin/../lib/gcc/arm-none-eabi/4.8.3/../../../../arm-none-eabi/lib/armv7e-m\libc_s.a(lib_a-makebuf.o)
 .ARM.attributes
                0x0000071d       0x2e c:/siliconlabs/simplicitystudio/v3/developer/toolchains/gnu_arm/4.8_2013q4/bin/../lib/gcc/arm-none-eabi/4.8.3/../../../../arm-none-eabi/lib/armv7e-m\libc_s.a(lib_a-memchr-stub.o)
 .ARM.attributes
                0x0000074b       0x2e c:/siliconlabs/simplicitystudio/v3/developer/toolchains/gnu_arm/4.8_2013q4/bin/../lib/gcc/arm-none-eabi/4.8.3/../../../../arm-none-eabi/lib/armv7e-m\libc_s.a(lib_a-nano-freer.o)
 .ARM.attributes
                0x00000779       0x2e c:/siliconlabs/simplicitystudio/v3/developer/toolchains/gnu_arm/4.8_2013q4/bin/../lib/gcc/arm-none-eabi/4.8.3/../../../../arm-none-eabi/lib/armv7e-m\libc_s.a(lib_a-readr.o)
 .ARM.attributes
                0x000007a7       0x2e c:/siliconlabs/simplicitystudio/v3/developer/toolchains/gnu_arm/4.8_2013q4/bin/../lib/gcc/arm-none-eabi/4.8.3/../../../../arm-none-eabi/lib/armv7e-m\libc_s.a(lib_a-reent.o)
 .ARM.attributes
                0x000007d5       0x2e c:/siliconlabs/simplicitystudio/v3/developer/toolchains/gnu_arm/4.8_2013q4/bin/../lib/gcc/arm-none-eabi/4.8.3/../../../../arm-none-eabi/lib/armv7e-m\libc_s.a(lib_a-fstatr.o)
 .ARM.attributes
                0x00000803       0x2e c:/siliconlabs/simplicitystudio/v3/developer/toolchains/gnu_arm/4.8_2013q4/bin/../lib/gcc/arm-none-eabi/4.8.3/../../../../arm-none-eabi/lib/armv7e-m\libc_s.a(lib_a-isattyr.o)
 .ARM.attributes
                0x00000831       0x2e c:/siliconlabs/simplicitystudio/v3/developer/toolchains/gnu_arm/4.8_2013q4/bin/../lib/gcc/arm-none-eabi/4.8.3/armv7e-m/crtend.o
 .ARM.attributes
                0x0000085f       0x1e c:/siliconlabs/simplicitystudio/v3/developer/toolchains/gnu_arm/4.8_2013q4/bin/../lib/gcc/arm-none-eabi/4.8.3/armv7e-m/crtn.o

.comment        0x00000000       0x70
 .comment       0x00000000       0x70 ./src/InitDevice.o
                                 0x71 (size before relaxing)
 .comment       0x00000000       0x71 ./src/main.o
 .comment       0x00000000       0x71 ./src/printSWO.o
 .comment       0x00000000       0x71 ./emlib/em_cmu.o
 .comment       0x00000000       0x71 ./emlib/em_emu.o
 .comment       0x00000000       0x71 ./emlib/em_gpio.o
 .comment       0x00000000       0x71 ./emlib/em_int.o
 .comment       0x00000000       0x71 ./emlib/em_lcd.o
 .comment       0x00000000       0x71 ./emlib/em_usart.o
 .comment       0x00000000       0x71 ./Drivers/gpiointerrupt.o
 .comment       0x00000000       0x71 ./Drivers/retargetio.o
 .comment       0x00000000       0x71 ./Drivers/segmentlcd.o
 .comment       0x00000000       0x71 ./CMSIS/efm32wg/system_efm32wg.o
 .comment       0x00000000       0x71 ./BGLib/cmd_def.o

.debug_info     0x00000000    0x10048
 .debug_info    0x00000000      0xc2e ./src/InitDevice.o
 .debug_info    0x00000c2e     0x3a67 ./src/main.o
 .debug_info    0x00004695      0xb2a ./src/printSWO.o
 .debug_info    0x000051bf      0xfe9 ./emlib/em_cmu.o
 .debug_info    0x000061a8      0xd7c ./emlib/em_emu.o
 .debug_info    0x00006f24      0x4d4 ./emlib/em_gpio.o
 .debug_info    0x000073f8       0xa6 ./emlib/em_int.o
 .debug_info    0x0000749e      0xa2d ./emlib/em_lcd.o
 .debug_info    0x00007ecb      0xe72 ./emlib/em_usart.o
 .debug_info    0x00008d3d      0x81b ./Drivers/gpiointerrupt.o
 .debug_info    0x00009558      0xdd0 ./Drivers/retargetio.o
 .debug_info    0x0000a328     0x101b ./Drivers/segmentlcd.o
 .debug_info    0x0000b343       0xaf ./CMSIS/efm32wg/startup_gcc_efm32wg.o
 .debug_info    0x0000b3f2      0x6ec ./CMSIS/efm32wg/system_efm32wg.o
 .debug_info    0x0000bade     0x456a ./BGLib/cmd_def.o

.debug_abbrev   0x00000000     0x1a34
 .debug_abbrev  0x00000000      0x15f ./src/InitDevice.o
 .debug_abbrev  0x0000015f      0x2c9 ./src/main.o
 .debug_abbrev  0x00000428      0x190 ./src/printSWO.o
 .debug_abbrev  0x000005b8      0x29f ./emlib/em_cmu.o
 .debug_abbrev  0x00000857      0x263 ./emlib/em_emu.o
 .debug_abbrev  0x00000aba      0x13a ./emlib/em_gpio.o
 .debug_abbrev  0x00000bf4       0x5c ./emlib/em_int.o
 .debug_abbrev  0x00000c50      0x1d1 ./emlib/em_lcd.o
 .debug_abbrev  0x00000e21      0x1ba ./emlib/em_usart.o
 .debug_abbrev  0x00000fdb      0x28c ./Drivers/gpiointerrupt.o
 .debug_abbrev  0x00001267      0x25a ./Drivers/retargetio.o
 .debug_abbrev  0x000014c1      0x197 ./Drivers/segmentlcd.o
 .debug_abbrev  0x00001658       0x14 ./CMSIS/efm32wg/startup_gcc_efm32wg.o
 .debug_abbrev  0x0000166c      0x1a5 ./CMSIS/efm32wg/system_efm32wg.o
 .debug_abbrev  0x00001811      0x223 ./BGLib/cmd_def.o

.debug_loc      0x00000000     0x27c2
 .debug_loc     0x00000000      0x63c ./src/InitDevice.o
 .debug_loc     0x0000063c      0x1d4 ./src/main.o
 .debug_loc     0x00000810       0xc8 ./src/printSWO.o
 .debug_loc     0x000008d8      0x6d0 ./emlib/em_cmu.o
 .debug_loc     0x00000fa8      0x3b4 ./emlib/em_emu.o
 .debug_loc     0x0000135c      0x118 ./emlib/em_gpio.o
 .debug_loc     0x00001474      0x3b8 ./emlib/em_lcd.o
 .debug_loc     0x0000182c      0x460 ./emlib/em_usart.o
 .debug_loc     0x00001c8c      0x250 ./Drivers/gpiointerrupt.o
 .debug_loc     0x00001edc      0x224 ./Drivers/retargetio.o
 .debug_loc     0x00002100      0x3ec ./Drivers/segmentlcd.o
 .debug_loc     0x000024ec      0x1e8 ./CMSIS/efm32wg/system_efm32wg.o
 .debug_loc     0x000026d4       0xee ./BGLib/cmd_def.o

.debug_aranges  0x00000000      0x788
 .debug_aranges
                0x00000000      0x138 ./src/InitDevice.o
 .debug_aranges
                0x00000138       0x60 ./src/main.o
 .debug_aranges
                0x00000198       0x38 ./src/printSWO.o
 .debug_aranges
                0x000001d0      0x118 ./emlib/em_cmu.o
 .debug_aranges
                0x000002e8       0xa8 ./emlib/em_emu.o
 .debug_aranges
                0x00000390       0x40 ./emlib/em_gpio.o
 .debug_aranges
                0x000003d0       0x18 ./emlib/em_int.o
 .debug_aranges
                0x000003e8       0xa0 ./emlib/em_lcd.o
 .debug_aranges
                0x00000488       0xb8 ./emlib/em_usart.o
 .debug_aranges
                0x00000540       0x70 ./Drivers/gpiointerrupt.o
 .debug_aranges
                0x000005b0       0x68 ./Drivers/retargetio.o
 .debug_aranges
                0x00000618       0xb0 ./Drivers/segmentlcd.o
 .debug_aranges
                0x000006c8       0x20 ./CMSIS/efm32wg/startup_gcc_efm32wg.o
 .debug_aranges
                0x000006e8       0x68 ./CMSIS/efm32wg/system_efm32wg.o
 .debug_aranges
                0x00000750       0x38 ./BGLib/cmd_def.o

.debug_ranges   0x00000000      0x680
 .debug_ranges  0x00000000      0x128 ./src/InitDevice.o
 .debug_ranges  0x00000128       0x50 ./src/main.o
 .debug_ranges  0x00000178       0x28 ./src/printSWO.o
 .debug_ranges  0x000001a0      0x108 ./emlib/em_cmu.o
 .debug_ranges  0x000002a8       0x98 ./emlib/em_emu.o
 .debug_ranges  0x00000340       0x30 ./emlib/em_gpio.o
 .debug_ranges  0x00000370       0x90 ./emlib/em_lcd.o
 .debug_ranges  0x00000400       0xa8 ./emlib/em_usart.o
 .debug_ranges  0x000004a8       0x60 ./Drivers/gpiointerrupt.o
 .debug_ranges  0x00000508       0x58 ./Drivers/retargetio.o
 .debug_ranges  0x00000560       0xa0 ./Drivers/segmentlcd.o
 .debug_ranges  0x00000600       0x58 ./CMSIS/efm32wg/system_efm32wg.o
 .debug_ranges  0x00000658       0x28 ./BGLib/cmd_def.o

.debug_line     0x00000000     0x3323
 .debug_line    0x00000000      0x4ad ./src/InitDevice.o
 .debug_line    0x000004ad      0x3c2 ./src/main.o
 .debug_line    0x0000086f      0x200 ./src/printSWO.o
 .debug_line    0x00000a6f      0x7c2 ./emlib/em_cmu.o
 .debug_line    0x00001231      0x466 ./emlib/em_emu.o
 .debug_line    0x00001697      0x27b ./emlib/em_gpio.o
 .debug_line    0x00001912       0xf6 ./emlib/em_int.o
 .debug_line    0x00001a08      0x404 ./emlib/em_lcd.o
 .debug_line    0x00001e0c      0x4b0 ./emlib/em_usart.o
 .debug_line    0x000022bc      0x39c ./Drivers/gpiointerrupt.o
 .debug_line    0x00002658      0x311 ./Drivers/retargetio.o
 .debug_line    0x00002969      0x4f5 ./Drivers/segmentlcd.o
 .debug_line    0x00002e5e       0x72 ./CMSIS/efm32wg/startup_gcc_efm32wg.o
 .debug_line    0x00002ed0      0x266 ./CMSIS/efm32wg/system_efm32wg.o
 .debug_line    0x00003136      0x1ed ./BGLib/cmd_def.o

.debug_str      0x00000000     0xc437
 .debug_str     0x00000000      0xe6c ./src/InitDevice.o
                                0xf44 (size before relaxing)
 .debug_str     0x00000e6c     0x3be4 ./src/main.o
                               0x40c9 (size before relaxing)
 .debug_str     0x00004a50      0x2cf ./src/printSWO.o
                                0x5b0 (size before relaxing)
 .debug_str     0x00004d1f      0x5db ./emlib/em_cmu.o
                                0xc41 (size before relaxing)
 .debug_str     0x000052fa      0x4bd ./emlib/em_emu.o
                                0x86c (size before relaxing)
 .debug_str     0x000057b7      0x252 ./emlib/em_gpio.o
                                0x582 (size before relaxing)
 .debug_str     0x00005a09       0x12 ./emlib/em_int.o
                                0x21f (size before relaxing)
 .debug_str     0x00005a1b      0x69e ./emlib/em_lcd.o
                                0x911 (size before relaxing)
 .debug_str     0x000060b9      0x503 ./emlib/em_usart.o
                                0xdf9 (size before relaxing)
 .debug_str     0x000065bc      0x3a2 ./Drivers/gpiointerrupt.o
                                0x6fe (size before relaxing)
 .debug_str     0x0000695e      0x4d2 ./Drivers/retargetio.o
                                0x754 (size before relaxing)
 .debug_str     0x00006e30      0x34f ./Drivers/segmentlcd.o
                                0xd11 (size before relaxing)
 .debug_str     0x0000717f      0x101 ./CMSIS/efm32wg/system_efm32wg.o
                                0x50c (size before relaxing)
 .debug_str     0x00007280     0x51b7 ./BGLib/cmd_def.o
                               0x7991 (size before relaxing)

.debug_frame    0x00000000     0x1d24
 .debug_frame   0x00000000      0x384 ./src/InitDevice.o
 .debug_frame   0x00000384      0x11c ./src/main.o
 .debug_frame   0x000004a0       0x7c ./src/printSWO.o
 .debug_frame   0x0000051c      0x3b4 ./emlib/em_cmu.o
 .debug_frame   0x000008d0      0x210 ./emlib/em_emu.o
 .debug_frame   0x00000ae0       0xa8 ./emlib/em_gpio.o
 .debug_frame   0x00000b88      0x1fc ./emlib/em_lcd.o
 .debug_frame   0x00000d84      0x25c ./emlib/em_usart.o
 .debug_frame   0x00000fe0      0x150 ./Drivers/gpiointerrupt.o
 .debug_frame   0x00001130      0x130 ./Drivers/retargetio.o
 .debug_frame   0x00001260      0x24c ./Drivers/segmentlcd.o
 .debug_frame   0x000014ac      0x120 ./CMSIS/efm32wg/system_efm32wg.o
 .debug_frame   0x000015cc       0x94 ./BGLib/cmd_def.o
 .debug_frame   0x00001660       0x28 c:/siliconlabs/simplicitystudio/v3/developer/toolchains/gnu_arm/4.8_2013q4/bin/../lib/gcc/arm-none-eabi/4.8.3/../../../../arm-none-eabi/lib/armv7e-m\libc_s.a(lib_a-exit.o)
 .debug_frame   0x00001688       0x2c c:/siliconlabs/simplicitystudio/v3/developer/toolchains/gnu_arm/4.8_2013q4/bin/../lib/gcc/arm-none-eabi/4.8.3/../../../../arm-none-eabi/lib/armv7e-m\libc_s.a(lib_a-fileno.o)
 .debug_frame   0x000016b4      0x12c c:/siliconlabs/simplicitystudio/v3/developer/toolchains/gnu_arm/4.8_2013q4/bin/../lib/gcc/arm-none-eabi/4.8.3/../../../../arm-none-eabi/lib/armv7e-m\libc_s.a(lib_a-findfp.o)
 .debug_frame   0x000017e0       0x2c c:/siliconlabs/simplicitystudio/v3/developer/toolchains/gnu_arm/4.8_2013q4/bin/../lib/gcc/arm-none-eabi/4.8.3/../../../../arm-none-eabi/lib/armv7e-m\libc_s.a(lib_a-init.o)
 .debug_frame   0x0000180c       0x20 c:/siliconlabs/simplicitystudio/v3/developer/toolchains/gnu_arm/4.8_2013q4/bin/../lib/gcc/arm-none-eabi/4.8.3/../../../../arm-none-eabi/lib/armv7e-m\libc_s.a(lib_a-memset.o)
 .debug_frame   0x0000182c       0x2c c:/siliconlabs/simplicitystudio/v3/developer/toolchains/gnu_arm/4.8_2013q4/bin/../lib/gcc/arm-none-eabi/4.8.3/../../../../arm-none-eabi/lib/armv7e-m\libc_s.a(lib_a-nano-mallocr.o)
 .debug_frame   0x00001858       0x60 c:/siliconlabs/simplicitystudio/v3/developer/toolchains/gnu_arm/4.8_2013q4/bin/../lib/gcc/arm-none-eabi/4.8.3/../../../../arm-none-eabi/lib/armv7e-m\libc_s.a(lib_a-printf.o)
 .debug_frame   0x000018b8       0x2c c:/siliconlabs/simplicitystudio/v3/developer/toolchains/gnu_arm/4.8_2013q4/bin/../lib/gcc/arm-none-eabi/4.8.3/../../../../arm-none-eabi/lib/armv7e-m\libc_s.a(lib_a-sbrkr.o)
 .debug_frame   0x000018e4       0x80 c:/siliconlabs/simplicitystudio/v3/developer/toolchains/gnu_arm/4.8_2013q4/bin/../lib/gcc/arm-none-eabi/4.8.3/../../../../arm-none-eabi/lib/armv7e-m\libc_s.a(lib_a-stdio.o)
 .debug_frame   0x00001964       0x20 c:/siliconlabs/simplicitystudio/v3/developer/toolchains/gnu_arm/4.8_2013q4/bin/../lib/gcc/arm-none-eabi/4.8.3/../../../../arm-none-eabi/lib/armv7e-m\libc_s.a(lib_a-strlen.o)
 .debug_frame   0x00001984       0xa8 c:/siliconlabs/simplicitystudio/v3/developer/toolchains/gnu_arm/4.8_2013q4/bin/../lib/gcc/arm-none-eabi/4.8.3/../../../../arm-none-eabi/lib/armv7e-m\libc_s.a(lib_a-vfprintf.o)
 .debug_frame   0x00001a2c       0x60 c:/siliconlabs/simplicitystudio/v3/developer/toolchains/gnu_arm/4.8_2013q4/bin/../lib/gcc/arm-none-eabi/4.8.3/../../../../arm-none-eabi/lib/armv7e-m\libc_s.a(lib_a-vfprintf_i.o)
 .debug_frame   0x00001a8c       0x3c c:/siliconlabs/simplicitystudio/v3/developer/toolchains/gnu_arm/4.8_2013q4/bin/../lib/gcc/arm-none-eabi/4.8.3/../../../../arm-none-eabi/lib/armv7e-m\libc_s.a(lib_a-wbuf.o)
 .debug_frame   0x00001ac8       0x2c c:/siliconlabs/simplicitystudio/v3/developer/toolchains/gnu_arm/4.8_2013q4/bin/../lib/gcc/arm-none-eabi/4.8.3/../../../../arm-none-eabi/lib/armv7e-m\libc_s.a(lib_a-writer.o)
 .debug_frame   0x00001af4       0x2c c:/siliconlabs/simplicitystudio/v3/developer/toolchains/gnu_arm/4.8_2013q4/bin/../lib/gcc/arm-none-eabi/4.8.3/../../../../arm-none-eabi/lib/armv7e-m\libc_s.a(lib_a-wsetup.o)
 .debug_frame   0x00001b20       0x2c c:/siliconlabs/simplicitystudio/v3/developer/toolchains/gnu_arm/4.8_2013q4/bin/../lib/gcc/arm-none-eabi/4.8.3/../../../../arm-none-eabi/lib/armv7e-m\libc_s.a(lib_a-closer.o)
 .debug_frame   0x00001b4c       0x5c c:/siliconlabs/simplicitystudio/v3/developer/toolchains/gnu_arm/4.8_2013q4/bin/../lib/gcc/arm-none-eabi/4.8.3/../../../../arm-none-eabi/lib/armv7e-m\libc_s.a(lib_a-fflush.o)
 .debug_frame   0x00001ba8       0x2c c:/siliconlabs/simplicitystudio/v3/developer/toolchains/gnu_arm/4.8_2013q4/bin/../lib/gcc/arm-none-eabi/4.8.3/../../../../arm-none-eabi/lib/armv7e-m\libc_s.a(lib_a-lseekr.o)
 .debug_frame   0x00001bd4       0x30 c:/siliconlabs/simplicitystudio/v3/developer/toolchains/gnu_arm/4.8_2013q4/bin/../lib/gcc/arm-none-eabi/4.8.3/../../../../arm-none-eabi/lib/armv7e-m\libc_s.a(lib_a-makebuf.o)
 .debug_frame   0x00001c04       0x28 c:/siliconlabs/simplicitystudio/v3/developer/toolchains/gnu_arm/4.8_2013q4/bin/../lib/gcc/arm-none-eabi/4.8.3/../../../../arm-none-eabi/lib/armv7e-m\libc_s.a(lib_a-memchr-stub.o)
 .debug_frame   0x00001c2c       0x2c c:/siliconlabs/simplicitystudio/v3/developer/toolchains/gnu_arm/4.8_2013q4/bin/../lib/gcc/arm-none-eabi/4.8.3/../../../../arm-none-eabi/lib/armv7e-m\libc_s.a(lib_a-nano-freer.o)
 .debug_frame   0x00001c58       0x2c c:/siliconlabs/simplicitystudio/v3/developer/toolchains/gnu_arm/4.8_2013q4/bin/../lib/gcc/arm-none-eabi/4.8.3/../../../../arm-none-eabi/lib/armv7e-m\libc_s.a(lib_a-readr.o)
 .debug_frame   0x00001c84       0x48 c:/siliconlabs/simplicitystudio/v3/developer/toolchains/gnu_arm/4.8_2013q4/bin/../lib/gcc/arm-none-eabi/4.8.3/../../../../arm-none-eabi/lib/armv7e-m\libc_s.a(lib_a-reent.o)
 .debug_frame   0x00001ccc       0x2c c:/siliconlabs/simplicitystudio/v3/developer/toolchains/gnu_arm/4.8_2013q4/bin/../lib/gcc/arm-none-eabi/4.8.3/../../../../arm-none-eabi/lib/armv7e-m\libc_s.a(lib_a-fstatr.o)
 .debug_frame   0x00001cf8       0x2c c:/siliconlabs/simplicitystudio/v3/developer/toolchains/gnu_arm/4.8_2013q4/bin/../lib/gcc/arm-none-eabi/4.8.3/../../../../arm-none-eabi/lib/armv7e-m\libc_s.a(lib_a-isattyr.o)
