Archive member included because of file (symbol)

c:/siliconlabs/simplicitystudio/v3/developer/toolchains/gnu_arm/4.8_2013q4/bin/../lib/gcc/arm-none-eabi/4.8.3/../../../../arm-none-eabi/lib/armv7e-m\libc_s.a(lib_a-exit.o)
                              c:/siliconlabs/simplicitystudio/v3/developer/toolchains/gnu_arm/4.8_2013q4/bin/../lib/gcc/arm-none-eabi/4.8.3/../../../../arm-none-eabi/lib/armv7e-m/crt0.o (exit)
c:/siliconlabs/simplicitystudio/v3/developer/toolchains/gnu_arm/4.8_2013q4/bin/../lib/gcc/arm-none-eabi/4.8.3/../../../../arm-none-eabi/lib/armv7e-m\libc_s.a(lib_a-fileno.o)
                              ./Drivers/retargetio.o (fileno)
c:/siliconlabs/simplicitystudio/v3/developer/toolchains/gnu_arm/4.8_2013q4/bin/../lib/gcc/arm-none-eabi/4.8.3/../../../../arm-none-eabi/lib/armv7e-m\libc_s.a(lib_a-findfp.o)
                              c:/siliconlabs/simplicitystudio/v3/developer/toolchains/gnu_arm/4.8_2013q4/bin/../lib/gcc/arm-none-eabi/4.8.3/../../../../arm-none-eabi/lib/armv7e-m\libc_s.a(lib_a-fileno.o) (__sinit)
c:/siliconlabs/simplicitystudio/v3/developer/toolchains/gnu_arm/4.8_2013q4/bin/../lib/gcc/arm-none-eabi/4.8.3/../../../../arm-none-eabi/lib/armv7e-m\libc_s.a(lib_a-fwalk.o)
                              c:/siliconlabs/simplicitystudio/v3/developer/toolchains/gnu_arm/4.8_2013q4/bin/../lib/gcc/arm-none-eabi/4.8.3/../../../../arm-none-eabi/lib/armv7e-m\libc_s.a(lib_a-findfp.o) (_fwalk)
c:/siliconlabs/simplicitystudio/v3/developer/toolchains/gnu_arm/4.8_2013q4/bin/../lib/gcc/arm-none-eabi/4.8.3/../../../../arm-none-eabi/lib/armv7e-m\libc_s.a(lib_a-impure.o)
                              c:/siliconlabs/simplicitystudio/v3/developer/toolchains/gnu_arm/4.8_2013q4/bin/../lib/gcc/arm-none-eabi/4.8.3/../../../../arm-none-eabi/lib/armv7e-m\libc_s.a(lib_a-exit.o) (_global_impure_ptr)
c:/siliconlabs/simplicitystudio/v3/developer/toolchains/gnu_arm/4.8_2013q4/bin/../lib/gcc/arm-none-eabi/4.8.3/../../../../arm-none-eabi/lib/armv7e-m\libc_s.a(lib_a-init.o)
                              c:/siliconlabs/simplicitystudio/v3/developer/toolchains/gnu_arm/4.8_2013q4/bin/../lib/gcc/arm-none-eabi/4.8.3/../../../../arm-none-eabi/lib/armv7e-m/crt0.o (__libc_init_array)
c:/siliconlabs/simplicitystudio/v3/developer/toolchains/gnu_arm/4.8_2013q4/bin/../lib/gcc/arm-none-eabi/4.8.3/../../../../arm-none-eabi/lib/armv7e-m\libc_s.a(lib_a-memset.o)
                              c:/siliconlabs/simplicitystudio/v3/developer/toolchains/gnu_arm/4.8_2013q4/bin/../lib/gcc/arm-none-eabi/4.8.3/../../../../arm-none-eabi/lib/armv7e-m/crt0.o (memset)
c:/siliconlabs/simplicitystudio/v3/developer/toolchains/gnu_arm/4.8_2013q4/bin/../lib/gcc/arm-none-eabi/4.8.3/../../../../arm-none-eabi/lib/armv7e-m\libc_s.a(lib_a-nano-mallocr.o)
                              c:/siliconlabs/simplicitystudio/v3/developer/toolchains/gnu_arm/4.8_2013q4/bin/../lib/gcc/arm-none-eabi/4.8.3/../../../../arm-none-eabi/lib/armv7e-m\libc_s.a(lib_a-findfp.o) (_malloc_r)
c:/siliconlabs/simplicitystudio/v3/developer/toolchains/gnu_arm/4.8_2013q4/bin/../lib/gcc/arm-none-eabi/4.8.3/../../../../arm-none-eabi/lib/armv7e-m\libc_s.a(lib_a-printf.o)
                              ./src/main.o (printf)
c:/siliconlabs/simplicitystudio/v3/developer/toolchains/gnu_arm/4.8_2013q4/bin/../lib/gcc/arm-none-eabi/4.8.3/../../../../arm-none-eabi/lib/armv7e-m\libc_s.a(lib_a-sbrkr.o)
                              c:/siliconlabs/simplicitystudio/v3/developer/toolchains/gnu_arm/4.8_2013q4/bin/../lib/gcc/arm-none-eabi/4.8.3/../../../../arm-none-eabi/lib/armv7e-m\libc_s.a(lib_a-nano-mallocr.o) (_sbrk_r)
c:/siliconlabs/simplicitystudio/v3/developer/toolchains/gnu_arm/4.8_2013q4/bin/../lib/gcc/arm-none-eabi/4.8.3/../../../../arm-none-eabi/lib/armv7e-m\libc_s.a(lib_a-stdio.o)
                              c:/siliconlabs/simplicitystudio/v3/developer/toolchains/gnu_arm/4.8_2013q4/bin/../lib/gcc/arm-none-eabi/4.8.3/../../../../arm-none-eabi/lib/armv7e-m\libc_s.a(lib_a-findfp.o) (__sread)
c:/siliconlabs/simplicitystudio/v3/developer/toolchains/gnu_arm/4.8_2013q4/bin/../lib/gcc/arm-none-eabi/4.8.3/../../../../arm-none-eabi/lib/armv7e-m\libc_s.a(lib_a-strlen.o)
                              ./Drivers/retargetio.o (strlen)
c:/siliconlabs/simplicitystudio/v3/developer/toolchains/gnu_arm/4.8_2013q4/bin/../lib/gcc/arm-none-eabi/4.8.3/../../../../arm-none-eabi/lib/armv7e-m\libc_s.a(lib_a-vfprintf.o)
                              c:/siliconlabs/simplicitystudio/v3/developer/toolchains/gnu_arm/4.8_2013q4/bin/../lib/gcc/arm-none-eabi/4.8.3/../../../../arm-none-eabi/lib/armv7e-m\libc_s.a(lib_a-printf.o) (_vfprintf_r)
c:/siliconlabs/simplicitystudio/v3/developer/toolchains/gnu_arm/4.8_2013q4/bin/../lib/gcc/arm-none-eabi/4.8.3/../../../../arm-none-eabi/lib/armv7e-m\libc_s.a(lib_a-vfprintf_i.o)
                              c:/siliconlabs/simplicitystudio/v3/developer/toolchains/gnu_arm/4.8_2013q4/bin/../lib/gcc/arm-none-eabi/4.8.3/../../../../arm-none-eabi/lib/armv7e-m\libc_s.a(lib_a-vfprintf.o) (_printf_i)
[...]
Memory Configuration

Name             Origin             Length             Attributes
FLASH            0x00000000         0x00040000         xr
RAM              0x20000000         0x00008000         xrw
*default*        0x00000000         0xffffffff

Linker script and memory map

LOAD c:/siliconlabs/simplicitystudio/v3/developer/toolchains/gnu_arm/4.8_2013q4/bin/../lib/gcc/arm-none-eabi/4.8.3/armv7e-m/crti.o
LOAD c:/siliconlabs/simplicitystudio/v3/developer/toolchains/gnu_arm/4.8_2013q4/bin/../lib/gcc/arm-none-eabi/4.8.3/armv7e-m/crtbegin.o
LOAD c:/siliconlabs/simplicitystudio/v3/developer/toolchains/gnu_arm/4.8_2013q4/bin/../lib/gcc/arm-none-eabi/4.8.3/../../../../arm-none-eabi/lib/armv7e-m/crt0.o
LOAD ./src/InitDevice.o
LOAD ./src/main.o
LOAD ./src/printSWO.o
LOAD ./emlib/em_cmu.o
LOAD ./emlib/em_emu.o
LOAD ./emlib/em_gpio.o
LOAD ./emlib/em_int.o
LOAD ./emlib/em_system.o
LOAD ./emlib/em_usart.o
LOAD ./Drivers/gpiointerrupt.o
LOAD ./Drivers/retargetio.o
LOAD ./CMSIS/efm32wg/startup_gcc_efm32wg.o
LOAD ./CMSIS/efm32wg/system_efm32wg.o
LOAD ./BGLib/cmd_def.o
LOAD ./BGLib/stubs.o
START GROUP
LOAD c:/siliconlabs/simplicitystudio/v3/developer/toolchains/gnu_arm/4.8_2013q4/bin/../lib/gcc/arm-none-eabi/4.8.3/armv7e-m\libgcc.a
LOAD c:/siliconlabs/simplicitystudio/v3/developer/toolchains/gnu_arm/4.8_2013q4/bin/../lib/gcc/arm-none-eabi/4.8.3/../../../../arm-none-eabi/lib/armv7e-m\libc_s.a
LOAD c:/siliconlabs/simplicitystudio/v3/developer/toolchains/gnu_arm/4.8_2013q4/bin/../lib/gcc/arm-none-eabi/4.8.3/../../../../arm-none-eabi/lib/armv7e-m\libnosys.a
END GROUP
START GROUP
LOAD c:/siliconlabs/simplicitystudio/v3/developer/toolchains/gnu_arm/4.8_2013q4/bin/../lib/gcc/arm-none-eabi/4.8.3/armv7e-m\libgcc.a
LOAD c:/siliconlabs/simplicitystudio/v3/developer/toolchains/gnu_arm/4.8_2013q4/bin/../lib/gcc/arm-none-eabi/4.8.3/../../../../arm-none-eabi/lib/armv7e-m\libg_s.a
LOAD c:/siliconlabs/simplicitystudio/v3/developer/toolchains/gnu_arm/4.8_2013q4/bin/../lib/gcc/arm-none-eabi/4.8.3/../../../../arm-none-eabi/lib/armv7e-m\libc_s.a
END GROUP
START GROUP
LOAD c:/siliconlabs/simplicitystudio/v3/developer/toolchains/gnu_arm/4.8_2013q4/bin/../lib/gcc/arm-none-eabi/4.8.3/armv7e-m\libgcc.a
LOAD c:/siliconlabs/simplicitystudio/v3/developer/toolchains/gnu_arm/4.8_2013q4/bin/../lib/gcc/arm-none-eabi/4.8.3/../../../../arm-none-eabi/lib/armv7e-m\libc_s.a
END GROUP
LOAD c:/siliconlabs/simplicitystudio/v3/developer/toolchains/gnu_arm/4.8_2013q4/bin/../lib/gcc/arm-none-eabi/4.8.3/armv7e-m/crtend.o
LOAD c:/siliconlabs/simplicitystudio/v3/developer/toolchains/gnu_arm/4.8_2013q4/bin/../lib/gcc/arm-none-eabi/4.8.3/armv7e-m/crtn.o

.text           0x00000000     0x3170
 *(.vectors)
 .vectors       0x00000000       0xe0 ./CMSIS/efm32wg/startup_gcc_efm32wg.o
                0x00000000                __Vectors
                0x000000e0                __Vectors_End = .
                0x000000e0                __Vectors_Size = (__Vectors_End - __Vectors)
                0x000000e0                __end__ = .
 *(.text*)
 .text          0x000000e0       0x54 c:/siliconlabs/simplicitystudio/v3/developer/toolchains/gnu_arm/4.8_2013q4/bin/../lib/gcc/arm-none-eabi/4.8.3/armv7e-m/crtbegin.o
 .text          0x00000134       0x74 c:/siliconlabs/simplicitystudio/v3/developer/toolchains/gnu_arm/4.8_2013q4/bin/../lib/gcc/arm-none-eabi/4.8.3/../../../../arm-none-eabi/lib/armv7e-m/crt0.o
                0x00000134                _start
                0x00000134                _mainCRTStartup
 .text.enter_DefaultMode_from_RESET
                0x000001a8       0x14 ./src/InitDevice.o
                0x000001a8                enter_DefaultMode_from_RESET
 .text.CMU_enter_DefaultMode_from_RESET
                0x000001bc       0x28 ./src/InitDevice.o
                0x000001bc                CMU_enter_DefaultMode_from_RESET
 .text.USART1_enter_DefaultMode_from_RESET
                0x000001e4       0x80 ./src/InitDevice.o
                0x000001e4                USART1_enter_DefaultMode_from_RESET
 .text.PORTIO_enter_DefaultMode_from_RESET
                0x00000264       0xbc ./src/InitDevice.o
                0x00000264                PORTIO_enter_DefaultMode_from_RESET
 .text.CHIP_Init
                0x00000320        0xc ./src/main.o
 .text.notify_callback
                0x0000032c       0x24 ./src/main.o
                0x0000032c                notify_callback
 .text.spi_output
                0x00000350       0x88 ./src/main.o
                0x00000350                spi_output
 .text.spi_read
                0x000003d8       0x40 ./src/main.o
                0x000003d8                spi_read
 .text.read_header
                0x00000418       0x54 ./src/main.o
                0x00000418                read_header
 .text.read_payload
                0x0000046c       0x48 ./src/main.o
                0x0000046c                read_payload
 .text.wf121_run
                0x000004b4      0x388 ./src/main.o
                0x000004b4                wf121_run
 .text.init_device
                0x0000083c       0x50 ./src/main.o
                0x0000083c                init_device
 .text.main     0x0000088c       0x6c ./src/main.o
                0x0000088c                main
 .text.ITM_SendChar
                0x000008f8       0x4c ./src/printSWO.o
 .text.RETARGET_WriteChar
                0x00000944       0x1c ./src/printSWO.o
                0x00000944                RETARGET_WriteChar
 .text.RETARGET_ReadChar
                0x00000960       0x10 ./src/printSWO.o
                0x00000960                RETARGET_ReadChar
 .text.setupSWOForPrint
                0x00000970       0xf4 ./src/printSWO.o
                0x00000970                setupSWOForPrint
 .text.BITBAND_Peripheral
                0x00000a64       0x2c ./emlib/em_cmu.o
 .text.CMU_FlashWaitStateControl
                0x00000a90       0xb8 ./emlib/em_cmu.o
 .text.CMU_FlashWaitStateMax
                0x00000b48       0x1c ./emlib/em_cmu.o
 .text.CMU_DivToLog2
                0x00000b64       0x3c ./emlib/em_cmu.o
 .text.CMU_USBCClkGet
                0x00000ba0       0x4c ./emlib/em_cmu.o
 .text.CMU_AUXClkGet
                0x00000bec       0x8c ./emlib/em_cmu.o
 .text.CMU_DBGClkGet
                0x00000c78       0x58 ./emlib/em_cmu.o
 .text.CMU_LFClkGet
                0x00000cd0       0xb4 ./emlib/em_cmu.o
 .text.CMU_Sync
                0x00000d84       0x34 ./emlib/em_cmu.o
 .text.CMU_ClockEnable
                0x00000db8       0xe0 ./emlib/em_cmu.o
                0x00000db8                CMU_ClockEnable
 .text.CMU_ClockFreqGet
                0x00000e98      0x1fc ./emlib/em_cmu.o
                0x00000e98                CMU_ClockFreqGet
 .text.CMU_ClockSelectGet
                0x00001094      0x164 ./emlib/em_cmu.o
                0x00001094                CMU_ClockSelectGet
 .text.CMU_ClockSelectSet
                0x000011f8      0x298 ./emlib/em_cmu.o
                0x000011f8                CMU_ClockSelectSet
 .text.CMU_OscillatorEnable
                0x00001490       0xc0 ./emlib/em_cmu.o
                0x00001490                CMU_OscillatorEnable
 .text.EMU_UpdateOscConfig
                0x00001550       0x1c ./emlib/em_emu.o
                0x00001550                EMU_UpdateOscConfig
 .text.BITBAND_Peripheral
                0x0000156c       0x2c ./emlib/em_gpio.o
 .text.GPIO_IntConfig
                0x00001598       0xc0 ./emlib/em_gpio.o
                0x00001598                GPIO_IntConfig
 .text.USART_BaudrateSyncSet
                0x00001658       0x6c ./emlib/em_usart.o
                0x00001658                USART_BaudrateSyncSet
 .text.USART_InitSync
                0x000016c4       0xc8 ./emlib/em_usart.o
                0x000016c4                USART_InitSync
 .text.USART_InitPrsTrigger
                0x0000178c       0x60 ./emlib/em_usart.o
                0x0000178c                USART_InitPrsTrigger
 .text.USART_Reset
                0x000017ec       0xb0 ./emlib/em_usart.o
                0x000017ec                USART_Reset
 .text.USART_SpiTransfer
                0x0000189c       0x40 ./emlib/em_usart.o
                0x0000189c                USART_SpiTransfer
 .text.NVIC_EnableIRQ
                0x000018dc       0x30 ./Drivers/gpiointerrupt.o
 .text.NVIC_ClearPendingIRQ
                0x0000190c       0x34 ./Drivers/gpiointerrupt.o
 .text.GPIO_IntClear
                0x00001940       0x20 ./Drivers/gpiointerrupt.o
 .text.GPIO_IntGetEnabled
                0x00001960       0x28 ./Drivers/gpiointerrupt.o
 .text.INT_Disable
                0x00001988       0x2c ./Drivers/gpiointerrupt.o
 .text.INT_Enable
                0x000019b4       0x3c ./Drivers/gpiointerrupt.o
 .text.GPIOINT_Init
                0x000019f0       0x20 ./Drivers/gpiointerrupt.o
                0x000019f0                GPIOINT_Init
 .text.GPIOINT_CallbackRegister
                0x00001a10       0x28 ./Drivers/gpiointerrupt.o
                0x00001a10                GPIOINT_CallbackRegister
 .text.GPIOINT_IRQDispatcher
                0x00001a38       0x64 ./Drivers/gpiointerrupt.o
 .text.GPIO_EVEN_IRQHandler
                0x00001a9c       0x28 ./Drivers/gpiointerrupt.o
                0x00001a9c                GPIO_EVEN_IRQHandler
 .text.GPIO_ODD_IRQHandler
                0x00001ac4       0x28 ./Drivers/gpiointerrupt.o
                0x00001ac4                GPIO_ODD_IRQHandler
 .text._close   0x00001aec       0x18 ./Drivers/retargetio.o
                0x00001aec                _close
 .text._exit    0x00001b04        0xc ./Drivers/retargetio.o
                0x00001b04                _exit
 .text._fstat   0x00001b10       0x20 ./Drivers/retargetio.o
                0x00001b10                _fstat
 .text._isatty  0x00001b30       0x18 ./Drivers/retargetio.o
                0x00001b30                _isatty
 .text._lseek   0x00001b48       0x1c ./Drivers/retargetio.o
                0x00001b48                _lseek
 .text._read    0x00001b64       0x58 ./Drivers/retargetio.o
                0x00001b64                _read
 .text._sbrk    0x00001bbc       0x7c ./Drivers/retargetio.o
                0x00001bbc                _sbrk
 .text._write   0x00001c38       0x38 ./Drivers/retargetio.o
                0x00001c38                _write
 .text          0x00001c70       0x30 ./CMSIS/efm32wg/startup_gcc_efm32wg.o
                0x00001c70                Reset_Handler
                0x00001c9c                DebugMon_Handler
                0x00001c9c                USART0_TX_IRQHandler
                0x00001c9c                I2C0_IRQHandler
                0x00001c9c                HardFault_Handler
                0x00001c9c                LEUART1_IRQHandler
                0x00001c9c                SysTick_Handler
                0x00001c9c                USART1_RX_IRQHandler
                0x00001c9c                PendSV_Handler
                0x00001c9c                NMI_Handler
                0x00001c9c                I2C1_IRQHandler
                0x00001c9c                TIMER3_IRQHandler
                0x00001c9c                USART1_TX_IRQHandler
                0x00001c9c                MSC_IRQHandler
                0x00001c9c                ADC0_IRQHandler
                0x00001c9c                UsageFault_Handler
                0x00001c9c                LEUART0_IRQHandler
                0x00001c9c                FPUEH_IRQHandler
                0x00001c9c                UART0_TX_IRQHandler
                0x00001c9c                UART1_TX_IRQHandler
                0x00001c9c                RTC_IRQHandler
                0x00001c9c                TIMER0_IRQHandler
                0x00001c9c                TIMER2_IRQHandler
                0x00001c9c                LCD_IRQHandler
                0x00001c9c                PCNT2_IRQHandler
                0x00001c9c                UART0_RX_IRQHandler
                0x00001c9c                LETIMER0_IRQHandler
                0x00001c9c                TIMER1_IRQHandler
                0x00001c9c                USART2_RX_IRQHandler
                0x00001c9c                Default_Handler
                0x00001c9c                EMU_IRQHandler
                0x00001c9c                PCNT0_IRQHandler
                0x00001c9c                USB_IRQHandler
                0x00001c9c                BURTC_IRQHandler
                0x00001c9c                PCNT1_IRQHandler
                0x00001c9c                ACMP0_IRQHandler
                0x00001c9c                USART0_RX_IRQHandler
                0x00001c9c                MemManage_Handler
                0x00001c9c                SVC_Handler
                0x00001c9c                DAC0_IRQHandler
                0x00001c9c                UART1_RX_IRQHandler
                0x00001c9c                CMU_IRQHandler
                0x00001c9c                EBI_IRQHandler
                0x00001c9c                LESENSE_IRQHandler
                0x00001c9c                AES_IRQHandler
                0x00001c9c                VCMP_IRQHandler
                0x00001c9c                DMA_IRQHandler
                0x00001c9c                BusFault_Handler
                0x00001c9c                USART2_TX_IRQHandler
 .text.GetProdRev
                0x00001ca0       0x1c ./CMSIS/efm32wg/system_efm32wg.o
 .text.SystemCoreClockGet
                0x00001cbc       0x48 ./CMSIS/efm32wg/system_efm32wg.o
                0x00001cbc                SystemCoreClockGet
 .text.SystemHFClockGet
                0x00001d04       0xf0 ./CMSIS/efm32wg/system_efm32wg.o
                0x00001d04                SystemHFClockGet
 .text.SystemHFXOClockGet
                0x00001df4       0x18 ./CMSIS/efm32wg/system_efm32wg.o
                0x00001df4                SystemHFXOClockGet
 .text.SystemInit
                0x00001e0c       0x20 ./CMSIS/efm32wg/system_efm32wg.o
                0x00001e0c                SystemInit
 .text.SystemLFRCOClockGet
                0x00001e2c       0x14 ./CMSIS/efm32wg/system_efm32wg.o
                0x00001e2c                SystemLFRCOClockGet
 .text.SystemULFRCOClockGet
                0x00001e40       0x14 ./CMSIS/efm32wg/system_efm32wg.o
                0x00001e40                SystemULFRCOClockGet
 .text.SystemLFXOClockGet
                0x00001e54       0x18 ./CMSIS/efm32wg/system_efm32wg.o
                0x00001e54                SystemLFXOClockGet
 .text.exit     0x00001e6c       0x28 c:/siliconlabs/simplicitystudio/v3/developer/toolchains/gnu_arm/4.8_2013q4/bin/../lib/gcc/arm-none-eabi/4.8.3/../../../../arm-none-eabi/lib/armv7e-m\libc_s.a(lib_a-exit.o)
                0x00001e6c                exit
 .text.fileno   0x00001e94       0x5c c:/siliconlabs/simplicitystudio/v3/developer/toolchains/gnu_arm/4.8_2013q4/bin/../lib/gcc/arm-none-eabi/4.8.3/../../../../arm-none-eabi/lib/armv7e-m\libc_s.a(lib_a-fileno.o)
                0x00001e94                fileno
 .text._cleanup_r
                0x00001ef0       0x32 c:/siliconlabs/simplicitystudio/v3/developer/toolchains/gnu_arm/4.8_2013q4/bin/../lib/gcc/arm-none-eabi/4.8.3/../../../../arm-none-eabi/lib/armv7e-m\libc_s.a(lib_a-findfp.o)
                0x00001ef0                _cleanup_r
 *fill*         0x00001f22        0x2 
 .text.std.isra.0
                0x00001f24       0x48 c:/siliconlabs/simplicitystudio/v3/developer/toolchains/gnu_arm/4.8_2013q4/bin/../lib/gcc/arm-none-eabi/4.8.3/../../../../arm-none-eabi/lib/armv7e-m\libc_s.a(lib_a-findfp.o)
 .text.__sfmoreglue
                0x00001f6c       0x2c c:/siliconlabs/simplicitystudio/v3/developer/toolchains/gnu_arm/4.8_2013q4/bin/../lib/gcc/arm-none-eabi/4.8.3/../../../../arm-none-eabi/lib/armv7e-m\libc_s.a(lib_a-findfp.o)
                0x00001f6c                __sfmoreglue
 .text.__sinit  0x00001f98       0x60 c:/siliconlabs/simplicitystudio/v3/developer/toolchains/gnu_arm/4.8_2013q4/bin/../lib/gcc/arm-none-eabi/4.8.3/../../../../arm-none-eabi/lib/armv7e-m\libc_s.a(lib_a-findfp.o)
                0x00001f98                __sinit
 .text.__sfp    0x00001ff8       0x74 c:/siliconlabs/simplicitystudio/v3/developer/toolchains/gnu_arm/4.8_2013q4/bin/../lib/gcc/arm-none-eabi/4.8.3/../../../../arm-none-eabi/lib/armv7e-m\libc_s.a(lib_a-findfp.o)
                0x00001ff8                __sfp
 .text.__libc_init_array
                0x0000206c       0x4c c:/siliconlabs/simplicitystudio/v3/developer/toolchains/gnu_arm/4.8_2013q4/bin/../lib/gcc/arm-none-eabi/4.8.3/../../../../arm-none-eabi/lib/armv7e-m\libc_s.a(lib_a-init.o)
                0x0000206c                __libc_init_array
 .text.memset   0x000020b8       0x10 c:/siliconlabs/simplicitystudio/v3/developer/toolchains/gnu_arm/4.8_2013q4/bin/../lib/gcc/arm-none-eabi/4.8.3/../../../../arm-none-eabi/lib/armv7e-m\libc_s.a(lib_a-memset.o)
                0x000020b8                memset
 .text._malloc_r
                0x000020c8       0xa8 c:/siliconlabs/simplicitystudio/v3/developer/toolchains/gnu_arm/4.8_2013q4/bin/../lib/gcc/arm-none-eabi/4.8.3/../../../../arm-none-eabi/lib/armv7e-m\libc_s.a(lib_a-nano-mallocr.o)
                0x000020c8                _malloc_r
 .text.printf   0x00002170       0x30 c:/siliconlabs/simplicitystudio/v3/developer/toolchains/gnu_arm/4.8_2013q4/bin/../lib/gcc/arm-none-eabi/4.8.3/../../../../arm-none-eabi/lib/armv7e-m\libc_s.a(lib_a-printf.o)
                0x00002170                iprintf
                0x00002170                printf
 .text._sbrk_r  0x000021a0       0x20 c:/siliconlabs/simplicitystudio/v3/developer/toolchains/gnu_arm/4.8_2013q4/bin/../lib/gcc/arm-none-eabi/4.8.3/../../../../arm-none-eabi/lib/armv7e-m\libc_s.a(lib_a-sbrkr.o)
                0x000021a0                _sbrk_r
 .text.__sread  0x000021c0       0x22 c:/siliconlabs/simplicitystudio/v3/developer/toolchains/gnu_arm/4.8_2013q4/bin/../lib/gcc/arm-none-eabi/4.8.3/../../../../arm-none-eabi/lib/armv7e-m\libc_s.a(lib_a-stdio.o)
                0x000021c0                __sread
 .text.__swrite
                0x000021e2       0x38 c:/siliconlabs/simplicitystudio/v3/developer/toolchains/gnu_arm/4.8_2013q4/bin/../lib/gcc/arm-none-eabi/4.8.3/../../../../arm-none-eabi/lib/armv7e-m\libc_s.a(lib_a-stdio.o)
                0x000021e2                __swrite
 .text.__sseek  0x0000221a       0x24 c:/siliconlabs/simplicitystudio/v3/developer/toolchains/gnu_arm/4.8_2013q4/bin/../lib/gcc/arm-none-eabi/4.8.3/../../../../arm-none-eabi/lib/armv7e-m\libc_s.a(lib_a-stdio.o)
                0x0000221a                __sseek
 .text.__sclose
                0x0000223e        0x8 c:/siliconlabs/simplicitystudio/v3/developer/toolchains/gnu_arm/4.8_2013q4/bin/../lib/gcc/arm-none-eabi/4.8.3/../../../../arm-none-eabi/lib/armv7e-m\libc_s.a(lib_a-stdio.o)
                0x0000223e                __sclose
 .text.strlen   0x00002246       0x10 c:/siliconlabs/simplicitystudio/v3/developer/toolchains/gnu_arm/4.8_2013q4/bin/../lib/gcc/arm-none-eabi/4.8.3/../../../../arm-none-eabi/lib/armv7e-m\libc_s.a(lib_a-strlen.o)
                0x00002246                strlen
 .text.__sfputc_r
                0x00002256       0x2c c:/siliconlabs/simplicitystudio/v3/developer/toolchains/gnu_arm/4.8_2013q4/bin/../lib/gcc/arm-none-eabi/4.8.3/../../../../arm-none-eabi/lib/armv7e-m\libc_s.a(lib_a-vfprintf.o)
 .text.__sfputs_r
                0x00002282       0x24 c:/siliconlabs/simplicitystudio/v3/developer/toolchains/gnu_arm/4.8_2013q4/bin/../lib/gcc/arm-none-eabi/4.8.3/../../../../arm-none-eabi/lib/armv7e-m\libc_s.a(lib_a-vfprintf.o)
                0x00002282                __sfputs_r
 *fill*         0x000022a6        0x2 
 .text._vfprintf_r
                0x000022a8      0x208 c:/siliconlabs/simplicitystudio/v3/developer/toolchains/gnu_arm/4.8_2013q4/bin/../lib/gcc/arm-none-eabi/4.8.3/../../../../arm-none-eabi/lib/armv7e-m\libc_s.a(lib_a-vfprintf.o)
                0x000022a8                _vfprintf_r
                0x000022a8                _vfiprintf_r
 .text._printf_common
                0x000024b0       0xe4 c:/siliconlabs/simplicitystudio/v3/developer/toolchains/gnu_arm/4.8_2013q4/bin/../lib/gcc/arm-none-eabi/4.8.3/../../../../arm-none-eabi/lib/armv7e-m\libc_s.a(lib_a-vfprintf_i.o)
                0x000024b0                _printf_common
 .text._printf_i
                0x00002594      0x228 c:/siliconlabs/simplicitystudio/v3/developer/toolchains/gnu_arm/4.8_2013q4/bin/../lib/gcc/arm-none-eabi/4.8.3/../../../../arm-none-eabi/lib/armv7e-m\libc_s.a(lib_a-vfprintf_i.o)
                0x00002594                _printf_i
 .text.__swbuf_r
                0x000027bc       0xa8 c:/siliconlabs/simplicitystudio/v3/developer/toolchains/gnu_arm/4.8_2013q4/bin/../lib/gcc/arm-none-eabi/4.8.3/../../../../arm-none-eabi/lib/armv7e-m\libc_s.a(lib_a-wbuf.o)
                0x000027bc                __swbuf_r
 .text._write_r
                0x00002864       0x24 c:/siliconlabs/simplicitystudio/v3/developer/toolchains/gnu_arm/4.8_2013q4/bin/../lib/gcc/arm-none-eabi/4.8.3/../../../../arm-none-eabi/lib/armv7e-m\libc_s.a(lib_a-writer.o)
                0x00002864                _write_r
 .text.__swsetup_r
                0x00002888       0xdc c:/siliconlabs/simplicitystudio/v3/developer/toolchains/gnu_arm/4.8_2013q4/bin/../lib/gcc/arm-none-eabi/4.8.3/../../../../arm-none-eabi/lib/armv7e-m\libc_s.a(lib_a-wsetup.o)
                0x00002888                __swsetup_r
 .text._close_r
                0x00002964       0x20 c:/siliconlabs/simplicitystudio/v3/developer/toolchains/gnu_arm/4.8_2013q4/bin/../lib/gcc/arm-none-eabi/4.8.3/../../../../arm-none-eabi/lib/armv7e-m\libc_s.a(lib_a-closer.o)
                0x00002964                _close_r
 .text.__sflush_r
                0x00002984      0x106 c:/siliconlabs/simplicitystudio/v3/developer/toolchains/gnu_arm/4.8_2013q4/bin/../lib/gcc/arm-none-eabi/4.8.3/../../../../arm-none-eabi/lib/armv7e-m\libc_s.a(lib_a-fflush.o)
                0x00002984                __sflush_r
 *fill*         0x00002a8a        0x2 
 .text._fflush_r
                0x00002a8c       0x54 c:/siliconlabs/simplicitystudio/v3/developer/toolchains/gnu_arm/4.8_2013q4/bin/../lib/gcc/arm-none-eabi/4.8.3/../../../../arm-none-eabi/lib/armv7e-m\libc_s.a(lib_a-fflush.o)
                0x00002a8c                _fflush_r
 .text._lseek_r
                0x00002ae0       0x24 c:/siliconlabs/simplicitystudio/v3/developer/toolchains/gnu_arm/4.8_2013q4/bin/../lib/gcc/arm-none-eabi/4.8.3/../../../../arm-none-eabi/lib/armv7e-m\libc_s.a(lib_a-lseekr.o)
                0x00002ae0                _lseek_r
 .text.__smakebuf_r
                0x00002b04       0x9c c:/siliconlabs/simplicitystudio/v3/developer/toolchains/gnu_arm/4.8_2013q4/bin/../lib/gcc/arm-none-eabi/4.8.3/../../../../arm-none-eabi/lib/armv7e-m\libc_s.a(lib_a-makebuf.o)
                0x00002b04                __smakebuf_r
 .text.memchr   0x00002ba0       0x1e c:/siliconlabs/simplicitystudio/v3/developer/toolchains/gnu_arm/4.8_2013q4/bin/../lib/gcc/arm-none-eabi/4.8.3/../../../../arm-none-eabi/lib/armv7e-m\libc_s.a(lib_a-memchr-stub.o)
                0x00002ba0                memchr
 *fill*         0x00002bbe        0x2 
 .text._free_r  0x00002bc0       0x88 c:/siliconlabs/simplicitystudio/v3/developer/toolchains/gnu_arm/4.8_2013q4/bin/../lib/gcc/arm-none-eabi/4.8.3/../../../../arm-none-eabi/lib/armv7e-m\libc_s.a(lib_a-nano-freer.o)
                0x00002bc0                _free_r
 .text._read_r  0x00002c48       0x24 c:/siliconlabs/simplicitystudio/v3/developer/toolchains/gnu_arm/4.8_2013q4/bin/../lib/gcc/arm-none-eabi/4.8.3/../../../../arm-none-eabi/lib/armv7e-m\libc_s.a(lib_a-readr.o)
                0x00002c48                _read_r
 .text._fstat_r
                0x00002c6c       0x24 c:/siliconlabs/simplicitystudio/v3/developer/toolchains/gnu_arm/4.8_2013q4/bin/../lib/gcc/arm-none-eabi/4.8.3/../../../../arm-none-eabi/lib/armv7e-m\libc_s.a(lib_a-fstatr.o)
                0x00002c6c                _fstat_r
 .text._isatty_r
                0x00002c90       0x20 c:/siliconlabs/simplicitystudio/v3/developer/toolchains/gnu_arm/4.8_2013q4/bin/../lib/gcc/arm-none-eabi/4.8.3/../../../../arm-none-eabi/lib/armv7e-m\libc_s.a(lib_a-isattyr.o)
                0x00002c90                _isatty_r
 *(.init)
 .init          0x00002cb0        0x4 c:/siliconlabs/simplicitystudio/v3/developer/toolchains/gnu_arm/4.8_2013q4/bin/../lib/gcc/arm-none-eabi/4.8.3/armv7e-m/crti.o
                0x00002cb0                _init
 .init          0x00002cb4        0x8 c:/siliconlabs/simplicitystudio/v3/developer/toolchains/gnu_arm/4.8_2013q4/bin/../lib/gcc/arm-none-eabi/4.8.3/armv7e-m/crtn.o
 *(.fini)
 .fini          0x00002cbc        0x4 c:/siliconlabs/simplicitystudio/v3/developer/toolchains/gnu_arm/4.8_2013q4/bin/../lib/gcc/arm-none-eabi/4.8.3/armv7e-m/crti.o
                0x00002cbc                _fini
 .fini          0x00002cc0        0x8 c:/siliconlabs/simplicitystudio/v3/developer/toolchains/gnu_arm/4.8_2013q4/bin/../lib/gcc/arm-none-eabi/4.8.3/armv7e-m/crtn.o
 *crtbegin.o(.ctors)
 *crtbegin?.o(.ctors)
 *(EXCLUDE_FILE(*crtend.o *crtend?.o) .ctors)
 *(SORT(.ctors.*))
 *(.ctors)
 *crtbegin.o(.dtors)
 *crtbegin?.o(.dtors)
 *(EXCLUDE_FILE(*crtend.o *crtend?.o) .dtors)
 *(SORT(.dtors.*))
 *(.dtors)
 *(.rodata*)
 .rodata        0x00002cc8       0x18 ./src/InitDevice.o
 .rodata        0x00002ce0      0x3d4 ./src/main.o
 .rodata.heaperr.6555
                0x000030b4       0x1c ./Drivers/retargetio.o
 .rodata.__sf_fake_stdin
                0x000030d0       0x20 c:/siliconlabs/simplicitystudio/v3/developer/toolchains/gnu_arm/4.8_2013q4/bin/../lib/gcc/arm-none-eabi/4.8.3/../../../../arm-none-eabi/lib/armv7e-m\libc_s.a(lib_a-findfp.o)
                0x000030d0                __sf_fake_stdin
 .rodata.__sf_fake_stdout
                0x000030f0       0x20 c:/siliconlabs/simplicitystudio/v3/developer/toolchains/gnu_arm/4.8_2013q4/bin/../lib/gcc/arm-none-eabi/4.8.3/../../../../arm-none-eabi/lib/armv7e-m\libc_s.a(lib_a-findfp.o)
                0x000030f0                __sf_fake_stdout
 .rodata.__sf_fake_stderr
                0x00003110       0x20 c:/siliconlabs/simplicitystudio/v3/developer/toolchains/gnu_arm/4.8_2013q4/bin/../lib/gcc/arm-none-eabi/4.8.3/../../../../arm-none-eabi/lib/armv7e-m\libc_s.a(lib_a-findfp.o)
                0x00003110                __sf_fake_stderr
 .rodata.str1.1
                0x00003130        0x2 c:/siliconlabs/simplicitystudio/v3/developer/toolchains/gnu_arm/4.8_2013q4/bin/../lib/gcc/arm-none-eabi/4.8.3/../../../../arm-none-eabi/lib/armv7e-m\libc_s.a(lib_a-impure.o)
 *fill*         0x00003132        0x2 
 .rodata._global_impure_ptr
                0x00003134        0x4 c:/siliconlabs/simplicitystudio/v3/developer/toolchains/gnu_arm/4.8_2013q4/bin/../lib/gcc/arm-none-eabi/4.8.3/../../../../arm-none-eabi/lib/armv7e-m\libc_s.a(lib_a-impure.o)
                0x00003134                _global_impure_ptr
 .rodata.str1.1
                0x00003138       0x11 c:/siliconlabs/simplicitystudio/v3/developer/toolchains/gnu_arm/4.8_2013q4/bin/../lib/gcc/arm-none-eabi/4.8.3/../../../../arm-none-eabi/lib/armv7e-m\libc_s.a(lib_a-vfprintf.o)
 .rodata.str1.1
                0x00003149       0x22 c:/siliconlabs/simplicitystudio/v3/developer/toolchains/gnu_arm/4.8_2013q4/bin/../lib/gcc/arm-none-eabi/4.8.3/../../../../arm-none-eabi/lib/armv7e-m\libc_s.a(lib_a-vfprintf_i.o)
 *(.eh_frame*)
 *fill*         0x0000316b        0x1 
 .eh_frame      0x0000316c        0x0 c:/siliconlabs/simplicitystudio/v3/developer/toolchains/gnu_arm/4.8_2013q4/bin/../lib/gcc/arm-none-eabi/4.8.3/armv7e-m/crtbegin.o
 .eh_frame      0x0000316c        0x4 c:/siliconlabs/simplicitystudio/v3/developer/toolchains/gnu_arm/4.8_2013q4/bin/../lib/gcc/arm-none-eabi/4.8.3/armv7e-m/crtend.o

.glue_7         0x00003170        0x0
 .glue_7        0x00000000        0x0 linker stubs

.glue_7t        0x00003170        0x0
 .glue_7t       0x00000000        0x0 linker stubs

.vfp11_veneer   0x00003170        0x0
 .vfp11_veneer  0x00000000        0x0 linker stubs

.v4_bx          0x00003170        0x0
 .v4_bx         0x00000000        0x0 linker stubs

.iplt           0x00003170        0x0
 .iplt          0x00000000        0x0 c:/siliconlabs/simplicitystudio/v3/developer/toolchains/gnu_arm/4.8_2013q4/bin/../lib/gcc/arm-none-eabi/4.8.3/armv7e-m/crtbegin.o

.ARM.extab
 *(.ARM.extab* .gnu.linkonce.armextab.*)
                0x00003170                __exidx_start = .

.ARM.exidx      0x00003170        0x8
 *(.ARM.exidx* .gnu.linkonce.armexidx.*)
 .ARM.exidx     0x00003170        0x8 c:/siliconlabs/simplicitystudio/v3/developer/toolchains/gnu_arm/4.8_2013q4/bin/../lib/gcc/arm-none-eabi/4.8.3/../../../../arm-none-eabi/lib/armv7e-m/crt0.o
                0x00003178                __exidx_end = .
                0x00003178                __etext = .

.rel.dyn        0x00003178        0x0
 .rel.iplt      0x00000000        0x0 c:/siliconlabs/simplicitystudio/v3/developer/toolchains/gnu_arm/4.8_2013q4/bin/../lib/gcc/arm-none-eabi/4.8.3/armv7e-m/crtbegin.o

.data           0x20000000       0x90 load address 0x00003178
                0x20000000                __data_start__ = .
 *(vtable)
 *(.data*)
 .data.ip_address
                0x20000000        0x4 ./src/main.o
                0x20000000                ip_address
 .data.netmask  0x20000004        0x4 ./src/main.o
                0x20000004                netmask
 .data.gateway  0x20000008        0x4 ./src/main.o
                0x20000008                gateway
 .data.SSID     0x2000000c        0xc ./src/main.o
                0x2000000c                SSID
 .data.SystemHFXOClock
                0x20000018        0x4 ./CMSIS/efm32wg/system_efm32wg.o
 .data.SystemLFXOClock
                0x2000001c        0x4 ./CMSIS/efm32wg/system_efm32wg.o
 .data.impure_data
                0x20000020       0x60 c:/siliconlabs/simplicitystudio/v3/developer/toolchains/gnu_arm/4.8_2013q4/bin/../lib/gcc/arm-none-eabi/4.8.3/../../../../arm-none-eabi/lib/armv7e-m\libc_s.a(lib_a-impure.o)
 .data._impure_ptr
                0x20000080        0x4 c:/siliconlabs/simplicitystudio/v3/developer/toolchains/gnu_arm/4.8_2013q4/bin/../lib/gcc/arm-none-eabi/4.8.3/../../../../arm-none-eabi/lib/armv7e-m\libc_s.a(lib_a-impure.o)
                0x20000080                _impure_ptr
                0x20000084                . = ALIGN (0x4)
 *(.ram)
                0x20000084                . = ALIGN (0x4)
                0x20000084                PROVIDE (__preinit_array_start, .)
 *(.preinit_array)
                0x20000084                PROVIDE (__preinit_array_end, .)
                0x20000084                . = ALIGN (0x4)
                0x20000084                PROVIDE (__init_array_start, .)
 *(SORT(.init_array.*))
 *(.init_array)
 .init_array    0x20000084        0x4 c:/siliconlabs/simplicitystudio/v3/developer/toolchains/gnu_arm/4.8_2013q4/bin/../lib/gcc/arm-none-eabi/4.8.3/armv7e-m/crtbegin.o
                0x20000088                PROVIDE (__init_array_end, .)
                0x20000088                . = ALIGN (0x4)
                0x20000088                PROVIDE (__fini_array_start, .)
 *(SORT(.fini_array.*))
 *(.fini_array)
 .fini_array    0x20000088        0x4 c:/siliconlabs/simplicitystudio/v3/developer/toolchains/gnu_arm/4.8_2013q4/bin/../lib/gcc/arm-none-eabi/4.8.3/armv7e-m/crtbegin.o
                0x2000008c                PROVIDE (__fini_array_end, .)
 *(.jcr*)
 .jcr           0x2000008c        0x0 c:/siliconlabs/simplicitystudio/v3/developer/toolchains/gnu_arm/4.8_2013q4/bin/../lib/gcc/arm-none-eabi/4.8.3/armv7e-m/crtbegin.o
 .jcr           0x2000008c        0x4 c:/siliconlabs/simplicitystudio/v3/developer/toolchains/gnu_arm/4.8_2013q4/bin/../lib/gcc/arm-none-eabi/4.8.3/armv7e-m/crtend.o
                0x20000090                . = ALIGN (0x4)
                0x20000090                __data_end__ = .

.igot.plt       0x20000090        0x0 load address 0x00003208
 .igot.plt      0x00000000        0x0 c:/siliconlabs/simplicitystudio/v3/developer/toolchains/gnu_arm/4.8_2013q4/bin/../lib/gcc/arm-none-eabi/4.8.3/armv7e-m/crtbegin.o

.bss            0x20000090      0x9a0 load address 0x00003208
                0x20000090                . = ALIGN (0x4)
                0x20000090                __bss_start__ = .
 *(.bss*)
 .bss           0x20000090       0x1c c:/siliconlabs/simplicitystudio/v3/developer/toolchains/gnu_arm/4.8_2013q4/bin/../lib/gcc/arm-none-eabi/4.8.3/armv7e-m/crtbegin.o
 .bss.notifications
                0x200000ac        0x4 ./src/main.o
                0x200000ac                notifications
 .bss.notifications_handled
                0x200000b0        0x4 ./src/main.o
                0x200000b0                notifications_handled
 .bss.tmp_idx_w
                0x200000b4        0x1 ./src/main.o
                0x200000b4                tmp_idx_w
 .bss.tmp_idx_r
                0x200000b5        0x1 ./src/main.o
                0x200000b5                tmp_idx_r
 .bss.ap_mode_started
                0x200000b6        0x1 ./src/main.o
                0x200000b6                ap_mode_started
 *fill*         0x200000b7        0x1 
 .bss.cmuStatus
                0x200000b8        0x4 ./emlib/em_emu.o
 .bss.INT_LockCnt
                0x200000bc        0x4 ./emlib/em_int.o
                0x200000bc                INT_LockCnt
 .bss.gpioCallbacks
                0x200000c0       0x40 ./Drivers/gpiointerrupt.o
 .bss.heap_end.6553
                0x20000100        0x4 ./Drivers/retargetio.o
 .bss.bglib_output
                0x20000104        0x4 ./BGLib/cmd_def.o
                0x20000104                bglib_output
 .bss.__malloc_sbrk_start
                0x20000108        0x4 c:/siliconlabs/simplicitystudio/v3/developer/toolchains/gnu_arm/4.8_2013q4/bin/../lib/gcc/arm-none-eabi/4.8.3/../../../../arm-none-eabi/lib/armv7e-m\libc_s.a(lib_a-nano-mallocr.o)
                0x20000108                __malloc_sbrk_start
 .bss.__malloc_free_list
                0x2000010c        0x4 c:/siliconlabs/simplicitystudio/v3/developer/toolchains/gnu_arm/4.8_2013q4/bin/../lib/gcc/arm-none-eabi/4.8.3/../../../../arm-none-eabi/lib/armv7e-m\libc_s.a(lib_a-nano-mallocr.o)
                0x2000010c                __malloc_free_list
 *(COMMON)
 COMMON         0x20000110      0x918 ./src/main.o
                0x20000110                bglib_temp_msg
                0x20000124                tmp_buf
                0x20000224                rx_buf
 COMMON         0x20000a28        0x4 ./CMSIS/efm32wg/system_efm32wg.o
                0x20000a28                SystemCoreClock
 COMMON         0x20000a2c        0x4 c:/siliconlabs/simplicitystudio/v3/developer/toolchains/gnu_arm/4.8_2013q4/bin/../lib/gcc/arm-none-eabi/4.8.3/../../../../arm-none-eabi/lib/armv7e-m\libc_s.a(lib_a-reent.o)
                0x20000a2c                errno
                0x20000a30                . = ALIGN (0x4)
                0x20000a30                __bss_end__ = .

.heap           0x20000a30      0xc00
                0x20000a30                __HeapBase = .
                0x20000a30                __end__ = .
                0x20000a30                end = __end__
                0x20000a30                _end = __end__
 *(.heap*)
 .heap          0x20000a30      0xc00 ./CMSIS/efm32wg/startup_gcc_efm32wg.o
                0x20001630                __HeapLimit = .

.stack_dummy    0x20000a30      0x400
 *(.stack*)
 .stack         0x20000a30      0x400 ./CMSIS/efm32wg/startup_gcc_efm32wg.o
                0x20008000                __StackTop = (ORIGIN (RAM) + 0x8000)
                0x20007c00                __StackLimit = (__StackTop - SIZEOF (.stack_dummy))
                0x20008000                PROVIDE (__stack, __StackTop)
                0x00000001                ASSERT ((__StackLimit >= __HeapLimit), region RAM overflowed with stack)
                0x00000001                ASSERT ((0x40000 >= (__etext + SIZEOF (.data))), FLASH memory overflowed !)
OUTPUT(spi_host_test_bench.axf elf32-littlearm)

.ARM.attributes
                0x00000000       0x2e
 .ARM.attributes
                0x00000000       0x1e c:/siliconlabs/simplicitystudio/v3/developer/toolchains/gnu_arm/4.8_2013q4/bin/../lib/gcc/arm-none-eabi/4.8.3/armv7e-m/crti.o
 .ARM.attributes
                0x0000001e       0x2e c:/siliconlabs/simplicitystudio/v3/developer/toolchains/gnu_arm/4.8_2013q4/bin/../lib/gcc/arm-none-eabi/4.8.3/armv7e-m/crtbegin.o
 .ARM.attributes
                0x0000004c       0x1c c:/siliconlabs/simplicitystudio/v3/developer/toolchains/gnu_arm/4.8_2013q4/bin/../lib/gcc/arm-none-eabi/4.8.3/../../../../arm-none-eabi/lib/armv7e-m/crt0.o
 .ARM.attributes
                0x00000068       0x37 ./src/InitDevice.o
 .ARM.attributes
                0x0000009f       0x37 ./src/main.o
 .ARM.attributes
                0x000000d6       0x37 ./src/printSWO.o
 .ARM.attributes
                0x0000010d       0x37 ./emlib/em_cmu.o
 .ARM.attributes
                0x00000144       0x37 ./emlib/em_emu.o
 .ARM.attributes
                0x0000017b       0x37 ./emlib/em_gpio.o
 .ARM.attributes
                0x000001b2       0x37 ./emlib/em_int.o
 .ARM.attributes
                0x000001e9       0x37 ./emlib/em_usart.o
 .ARM.attributes
                0x00000220       0x37 ./Drivers/gpiointerrupt.o
 .ARM.attributes
                0x00000257       0x37 ./Drivers/retargetio.o
 .ARM.attributes
                0x0000028e       0x1b ./CMSIS/efm32wg/startup_gcc_efm32wg.o
 .ARM.attributes
                0x000002a9       0x37 ./CMSIS/efm32wg/system_efm32wg.o
 .ARM.attributes
                0x000002e0       0x37 ./BGLib/cmd_def.o
 .ARM.attributes
                0x00000317       0x2e c:/siliconlabs/simplicitystudio/v3/developer/toolchains/gnu_arm/4.8_2013q4/bin/../lib/gcc/arm-none-eabi/4.8.3/../../../../arm-none-eabi/lib/armv7e-m\libc_s.a(lib_a-exit.o)
 .ARM.attributes
                0x00000345       0x2e c:/siliconlabs/simplicitystudio/v3/developer/toolchains/gnu_arm/4.8_2013q4/bin/../lib/gcc/arm-none-eabi/4.8.3/../../../../arm-none-eabi/lib/armv7e-m\libc_s.a(lib_a-fileno.o)
 .ARM.attributes
                0x00000373       0x2e c:/siliconlabs/simplicitystudio/v3/developer/toolchains/gnu_arm/4.8_2013q4/bin/../lib/gcc/arm-none-eabi/4.8.3/../../../../arm-none-eabi/lib/armv7e-m\libc_s.a(lib_a-findfp.o)
 .ARM.attributes
                0x000003a1       0x2e c:/siliconlabs/simplicitystudio/v3/developer/toolchains/gnu_arm/4.8_2013q4/bin/../lib/gcc/arm-none-eabi/4.8.3/../../../../arm-none-eabi/lib/armv7e-m\libc_s.a(lib_a-impure.o)
 .ARM.attributes
                0x000003cf       0x2e c:/siliconlabs/simplicitystudio/v3/developer/toolchains/gnu_arm/4.8_2013q4/bin/../lib/gcc/arm-none-eabi/4.8.3/../../../../arm-none-eabi/lib/armv7e-m\libc_s.a(lib_a-init.o)
 .ARM.attributes
                0x000003fd       0x2e c:/siliconlabs/simplicitystudio/v3/developer/toolchains/gnu_arm/4.8_2013q4/bin/../lib/gcc/arm-none-eabi/4.8.3/../../../../arm-none-eabi/lib/armv7e-m\libc_s.a(lib_a-memset.o)
 .ARM.attributes
                0x0000042b       0x2e c:/siliconlabs/simplicitystudio/v3/developer/toolchains/gnu_arm/4.8_2013q4/bin/../lib/gcc/arm-none-eabi/4.8.3/../../../../arm-none-eabi/lib/armv7e-m\libc_s.a(lib_a-nano-mallocr.o)
 .ARM.attributes
                0x00000459       0x2e c:/siliconlabs/simplicitystudio/v3/developer/toolchains/gnu_arm/4.8_2013q4/bin/../lib/gcc/arm-none-eabi/4.8.3/../../../../arm-none-eabi/lib/armv7e-m\libc_s.a(lib_a-printf.o)
 .ARM.attributes
                0x00000487       0x2e c:/siliconlabs/simplicitystudio/v3/developer/toolchains/gnu_arm/4.8_2013q4/bin/../lib/gcc/arm-none-eabi/4.8.3/../../../../arm-none-eabi/lib/armv7e-m\libc_s.a(lib_a-sbrkr.o)
 .ARM.attributes
                0x000004b5       0x2e c:/siliconlabs/simplicitystudio/v3/developer/toolchains/gnu_arm/4.8_2013q4/bin/../lib/gcc/arm-none-eabi/4.8.3/../../../../arm-none-eabi/lib/armv7e-m\libc_s.a(lib_a-stdio.o)
 .ARM.attributes
                0x000004e3       0x2e c:/siliconlabs/simplicitystudio/v3/developer/toolchains/gnu_arm/4.8_2013q4/bin/../lib/gcc/arm-none-eabi/4.8.3/../../../../arm-none-eabi/lib/armv7e-m\libc_s.a(lib_a-strlen.o)
 .ARM.attributes
                0x00000511       0x2e c:/siliconlabs/simplicitystudio/v3/developer/toolchains/gnu_arm/4.8_2013q4/bin/../lib/gcc/arm-none-eabi/4.8.3/../../../../arm-none-eabi/lib/armv7e-m\libc_s.a(lib_a-vfprintf.o)
 .ARM.attributes
                0x0000053f       0x2e c:/siliconlabs/simplicitystudio/v3/developer/toolchains/gnu_arm/4.8_2013q4/bin/../lib/gcc/arm-none-eabi/4.8.3/../../../../arm-none-eabi/lib/armv7e-m\libc_s.a(lib_a-vfprintf_i.o)
 .ARM.attributes
                0x0000056d       0x2e c:/siliconlabs/simplicitystudio/v3/developer/toolchains/gnu_arm/4.8_2013q4/bin/../lib/gcc/arm-none-eabi/4.8.3/../../../../arm-none-eabi/lib/armv7e-m\libc_s.a(lib_a-wbuf.o)
 .ARM.attributes
                0x0000059b       0x2e c:/siliconlabs/simplicitystudio/v3/developer/toolchains/gnu_arm/4.8_2013q4/bin/../lib/gcc/arm-none-eabi/4.8.3/../../../../arm-none-eabi/lib/armv7e-m\libc_s.a(lib_a-writer.o)
 .ARM.attributes
                0x000005c9       0x2e c:/siliconlabs/simplicitystudio/v3/developer/toolchains/gnu_arm/4.8_2013q4/bin/../lib/gcc/arm-none-eabi/4.8.3/../../../../arm-none-eabi/lib/armv7e-m\libc_s.a(lib_a-wsetup.o)
 .ARM.attributes
                0x000005f7       0x2e c:/siliconlabs/simplicitystudio/v3/developer/toolchains/gnu_arm/4.8_2013q4/bin/../lib/gcc/arm-none-eabi/4.8.3/../../../../arm-none-eabi/lib/armv7e-m\libc_s.a(lib_a-closer.o)
 .ARM.attributes
                0x00000625       0x2e c:/siliconlabs/simplicitystudio/v3/developer/toolchains/gnu_arm/4.8_2013q4/bin/../lib/gcc/arm-none-eabi/4.8.3/../../../../arm-none-eabi/lib/armv7e-m\libc_s.a(lib_a-fflush.o)
 .ARM.attributes
                0x00000653       0x2e c:/siliconlabs/simplicitystudio/v3/developer/toolchains/gnu_arm/4.8_2013q4/bin/../lib/gcc/arm-none-eabi/4.8.3/../../../../arm-none-eabi/lib/armv7e-m\libc_s.a(lib_a-lseekr.o)
 .ARM.attributes
                0x00000681       0x2e c:/siliconlabs/simplicitystudio/v3/developer/toolchains/gnu_arm/4.8_2013q4/bin/../lib/gcc/arm-none-eabi/4.8.3/../../../../arm-none-eabi/lib/armv7e-m\libc_s.a(lib_a-makebuf.o)
 .ARM.attributes
                0x000006af       0x2e c:/siliconlabs/simplicitystudio/v3/developer/toolchains/gnu_arm/4.8_2013q4/bin/../lib/gcc/arm-none-eabi/4.8.3/../../../../arm-none-eabi/lib/armv7e-m\libc_s.a(lib_a-memchr-stub.o)
 .ARM.attributes
                0x000006dd       0x2e c:/siliconlabs/simplicitystudio/v3/developer/toolchains/gnu_arm/4.8_2013q4/bin/../lib/gcc/arm-none-eabi/4.8.3/../../../../arm-none-eabi/lib/armv7e-m\libc_s.a(lib_a-nano-freer.o)
 .ARM.attributes
                0x0000070b       0x2e c:/siliconlabs/simplicitystudio/v3/developer/toolchains/gnu_arm/4.8_2013q4/bin/../lib/gcc/arm-none-eabi/4.8.3/../../../../arm-none-eabi/lib/armv7e-m\libc_s.a(lib_a-readr.o)
 .ARM.attributes
                0x00000739       0x2e c:/siliconlabs/simplicitystudio/v3/developer/toolchains/gnu_arm/4.8_2013q4/bin/../lib/gcc/arm-none-eabi/4.8.3/../../../../arm-none-eabi/lib/armv7e-m\libc_s.a(lib_a-reent.o)
 .ARM.attributes
                0x00000767       0x2e c:/siliconlabs/simplicitystudio/v3/developer/toolchains/gnu_arm/4.8_2013q4/bin/../lib/gcc/arm-none-eabi/4.8.3/../../../../arm-none-eabi/lib/armv7e-m\libc_s.a(lib_a-fstatr.o)
 .ARM.attributes
                0x00000795       0x2e c:/siliconlabs/simplicitystudio/v3/developer/toolchains/gnu_arm/4.8_2013q4/bin/../lib/gcc/arm-none-eabi/4.8.3/../../../../arm-none-eabi/lib/armv7e-m\libc_s.a(lib_a-isattyr.o)
 .ARM.attributes
                0x000007c3       0x2e c:/siliconlabs/simplicitystudio/v3/developer/toolchains/gnu_arm/4.8_2013q4/bin/../lib/gcc/arm-none-eabi/4.8.3/armv7e-m/crtend.o
 .ARM.attributes
                0x000007f1       0x1e c:/siliconlabs/simplicitystudio/v3/developer/toolchains/gnu_arm/4.8_2013q4/bin/../lib/gcc/arm-none-eabi/4.8.3/armv7e-m/crtn.o

.comment        0x00000000       0x70
 .comment       0x00000000       0x70 ./src/InitDevice.o
                                 0x71 (size before relaxing)
 .comment       0x00000000       0x71 ./src/main.o
 .comment       0x00000000       0x71 ./src/printSWO.o
 .comment       0x00000000       0x71 ./emlib/em_cmu.o
 .comment       0x00000000       0x71 ./emlib/em_emu.o
 .comment       0x00000000       0x71 ./emlib/em_gpio.o
 .comment       0x00000000       0x71 ./emlib/em_int.o
 .comment       0x00000000       0x71 ./emlib/em_usart.o
 .comment       0x00000000       0x71 ./Drivers/gpiointerrupt.o
 .comment       0x00000000       0x71 ./Drivers/retargetio.o
 .comment       0x00000000       0x71 ./CMSIS/efm32wg/system_efm32wg.o
 .comment       0x00000000       0x71 ./BGLib/cmd_def.o

.debug_info     0x00000000     0xe41d
 .debug_info    0x00000000      0xc2e ./src/InitDevice.o
 .debug_info    0x00000c2e     0x3884 ./src/main.o
 .debug_info    0x000044b2      0xb2a ./src/printSWO.o
 .debug_info    0x00004fdc      0xfe9 ./emlib/em_cmu.o
 .debug_info    0x00005fc5      0xd7c ./emlib/em_emu.o
 .debug_info    0x00006d41      0x4d4 ./emlib/em_gpio.o
 .debug_info    0x00007215       0xa6 ./emlib/em_int.o
 .debug_info    0x000072bb      0xe72 ./emlib/em_usart.o
 .debug_info    0x0000812d      0x81b ./Drivers/gpiointerrupt.o
 .debug_info    0x00008948      0xdd0 ./Drivers/retargetio.o
 .debug_info    0x00009718       0xaf ./CMSIS/efm32wg/startup_gcc_efm32wg.o
 .debug_info    0x000097c7      0x6ec ./CMSIS/efm32wg/system_efm32wg.o
 .debug_info    0x00009eb3     0x456a ./BGLib/cmd_def.o

.debug_abbrev   0x00000000     0x1678
 .debug_abbrev  0x00000000      0x15f ./src/InitDevice.o
 .debug_abbrev  0x0000015f      0x275 ./src/main.o
 .debug_abbrev  0x000003d4      0x190 ./src/printSWO.o
 .debug_abbrev  0x00000564      0x29f ./emlib/em_cmu.o
 .debug_abbrev  0x00000803      0x263 ./emlib/em_emu.o
 .debug_abbrev  0x00000a66      0x13a ./emlib/em_gpio.o
 .debug_abbrev  0x00000ba0       0x5c ./emlib/em_int.o
 .debug_abbrev  0x00000bfc      0x1ba ./emlib/em_usart.o
 .debug_abbrev  0x00000db6      0x28c ./Drivers/gpiointerrupt.o
 .debug_abbrev  0x00001042      0x25a ./Drivers/retargetio.o
 .debug_abbrev  0x0000129c       0x14 ./CMSIS/efm32wg/startup_gcc_efm32wg.o
 .debug_abbrev  0x000012b0      0x1a5 ./CMSIS/efm32wg/system_efm32wg.o
 .debug_abbrev  0x00001455      0x223 ./BGLib/cmd_def.o

.debug_loc      0x00000000     0x201e
 .debug_loc     0x00000000      0x63c ./src/InitDevice.o
 .debug_loc     0x0000063c      0x1d4 ./src/main.o
 .debug_loc     0x00000810       0xc8 ./src/printSWO.o
 .debug_loc     0x000008d8      0x6d0 ./emlib/em_cmu.o
 .debug_loc     0x00000fa8      0x3b4 ./emlib/em_emu.o
 .debug_loc     0x0000135c      0x118 ./emlib/em_gpio.o
 .debug_loc     0x00001474      0x460 ./emlib/em_usart.o
 .debug_loc     0x000018d4      0x250 ./Drivers/gpiointerrupt.o
 .debug_loc     0x00001b24      0x224 ./Drivers/retargetio.o
 .debug_loc     0x00001d48      0x1e8 ./CMSIS/efm32wg/system_efm32wg.o
 .debug_loc     0x00001f30       0xee ./BGLib/cmd_def.o

.debug_aranges  0x00000000      0x638
 .debug_aranges
                0x00000000      0x138 ./src/InitDevice.o
 .debug_aranges
                0x00000138       0x60 ./src/main.o
 .debug_aranges
                0x00000198       0x38 ./src/printSWO.o
 .debug_aranges
                0x000001d0      0x118 ./emlib/em_cmu.o
 .debug_aranges
                0x000002e8       0xa8 ./emlib/em_emu.o
 .debug_aranges
                0x00000390       0x40 ./emlib/em_gpio.o
 .debug_aranges
                0x000003d0       0x18 ./emlib/em_int.o
 .debug_aranges
                0x000003e8       0xb8 ./emlib/em_usart.o
 .debug_aranges
                0x000004a0       0x70 ./Drivers/gpiointerrupt.o
 .debug_aranges
                0x00000510       0x68 ./Drivers/retargetio.o
 .debug_aranges
                0x00000578       0x20 ./CMSIS/efm32wg/startup_gcc_efm32wg.o
 .debug_aranges
                0x00000598       0x68 ./CMSIS/efm32wg/system_efm32wg.o
 .debug_aranges
                0x00000600       0x38 ./BGLib/cmd_def.o

.debug_ranges   0x00000000      0x550
 .debug_ranges  0x00000000      0x128 ./src/InitDevice.o
 .debug_ranges  0x00000128       0x50 ./src/main.o
 .debug_ranges  0x00000178       0x28 ./src/printSWO.o
 .debug_ranges  0x000001a0      0x108 ./emlib/em_cmu.o
 .debug_ranges  0x000002a8       0x98 ./emlib/em_emu.o
 .debug_ranges  0x00000340       0x30 ./emlib/em_gpio.o
 .debug_ranges  0x00000370       0xa8 ./emlib/em_usart.o
 .debug_ranges  0x00000418       0x60 ./Drivers/gpiointerrupt.o
 .debug_ranges  0x00000478       0x58 ./Drivers/retargetio.o
 .debug_ranges  0x000004d0       0x58 ./CMSIS/efm32wg/system_efm32wg.o
 .debug_ranges  0x00000528       0x28 ./BGLib/cmd_def.o

.debug_line     0x00000000     0x2a02
 .debug_line    0x00000000      0x4ad ./src/InitDevice.o
 .debug_line    0x000004ad      0x39a ./src/main.o
 .debug_line    0x00000847      0x200 ./src/printSWO.o
 .debug_line    0x00000a47      0x7c2 ./emlib/em_cmu.o
 .debug_line    0x00001209      0x466 ./emlib/em_emu.o
 .debug_line    0x0000166f      0x27b ./emlib/em_gpio.o
 .debug_line    0x000018ea       0xf6 ./emlib/em_int.o
 .debug_line    0x000019e0      0x4b0 ./emlib/em_usart.o
 .debug_line    0x00001e90      0x39c ./Drivers/gpiointerrupt.o
 .debug_line    0x0000222c      0x311 ./Drivers/retargetio.o
 .debug_line    0x0000253d       0x72 ./CMSIS/efm32wg/startup_gcc_efm32wg.o
 .debug_line    0x000025af      0x266 ./CMSIS/efm32wg/system_efm32wg.o
 .debug_line    0x00002815      0x1ed ./BGLib/cmd_def.o

.debug_str      0x00000000     0xba39
 .debug_str     0x00000000      0xe6c ./src/InitDevice.o
                                0xf44 (size before relaxing)
 .debug_str     0x00000e6c     0x3bc1 ./src/main.o
                               0x4007 (size before relaxing)
 .debug_str     0x00004a2d      0x2cf ./src/printSWO.o
                                0x5b0 (size before relaxing)
 .debug_str     0x00004cfc      0x5db ./emlib/em_cmu.o
                                0xc41 (size before relaxing)
 .debug_str     0x000052d7      0x4bd ./emlib/em_emu.o
                                0x86c (size before relaxing)
 .debug_str     0x00005794      0x264 ./emlib/em_gpio.o
                                0x582 (size before relaxing)
 .debug_str     0x000059f8       0x12 ./emlib/em_int.o
                                0x21f (size before relaxing)
 .debug_str     0x00005a0a      0x503 ./emlib/em_usart.o
                                0xdf9 (size before relaxing)
 .debug_str     0x00005f0d      0x3a2 ./Drivers/gpiointerrupt.o
                                0x6fe (size before relaxing)
 .debug_str     0x000062af      0x4d2 ./Drivers/retargetio.o
                                0x754 (size before relaxing)
 .debug_str     0x00006781      0x101 ./CMSIS/efm32wg/system_efm32wg.o
                                0x50c (size before relaxing)
 .debug_str     0x00006882     0x51b7 ./BGLib/cmd_def.o
                               0x7991 (size before relaxing)

.debug_frame    0x00000000     0x18e4
 .debug_frame   0x00000000      0x384 ./src/InitDevice.o
 .debug_frame   0x00000384      0x124 ./src/main.o
 .debug_frame   0x000004a8       0x7c ./src/printSWO.o
 .debug_frame   0x00000524      0x3b4 ./emlib/em_cmu.o
 .debug_frame   0x000008d8      0x210 ./emlib/em_emu.o
 .debug_frame   0x00000ae8       0xa8 ./emlib/em_gpio.o
 .debug_frame   0x00000b90      0x25c ./emlib/em_usart.o
 .debug_frame   0x00000dec      0x150 ./Drivers/gpiointerrupt.o
 .debug_frame   0x00000f3c      0x130 ./Drivers/retargetio.o
 .debug_frame   0x0000106c      0x120 ./CMSIS/efm32wg/system_efm32wg.o
 .debug_frame   0x0000118c       0x94 ./BGLib/cmd_def.o
 .debug_frame   0x00001220       0x28 c:/siliconlabs/simplicitystudio/v3/developer/toolchains/gnu_arm/4.8_2013q4/bin/../lib/gcc/arm-none-eabi/4.8.3/../../../../arm-none-eabi/lib/armv7e-m\libc_s.a(lib_a-exit.o)
 .debug_frame   0x00001248       0x2c c:/siliconlabs/simplicitystudio/v3/developer/toolchains/gnu_arm/4.8_2013q4/bin/../lib/gcc/arm-none-eabi/4.8.3/../../../../arm-none-eabi/lib/armv7e-m\libc_s.a(lib_a-fileno.o)
 .debug_frame   0x00001274      0x12c c:/siliconlabs/simplicitystudio/v3/developer/toolchains/gnu_arm/4.8_2013q4/bin/../lib/gcc/arm-none-eabi/4.8.3/../../../../arm-none-eabi/lib/armv7e-m\libc_s.a(lib_a-findfp.o)
 .debug_frame   0x000013a0       0x2c c:/siliconlabs/simplicitystudio/v3/developer/toolchains/gnu_arm/4.8_2013q4/bin/../lib/gcc/arm-none-eabi/4.8.3/../../../../arm-none-eabi/lib/armv7e-m\libc_s.a(lib_a-init.o)
 .debug_frame   0x000013cc       0x20 c:/siliconlabs/simplicitystudio/v3/developer/toolchains/gnu_arm/4.8_2013q4/bin/../lib/gcc/arm-none-eabi/4.8.3/../../../../arm-none-eabi/lib/armv7e-m\libc_s.a(lib_a-memset.o)
 .debug_frame   0x000013ec       0x2c c:/siliconlabs/simplicitystudio/v3/developer/toolchains/gnu_arm/4.8_2013q4/bin/../lib/gcc/arm-none-eabi/4.8.3/../../../../arm-none-eabi/lib/armv7e-m\libc_s.a(lib_a-nano-mallocr.o)
 .debug_frame   0x00001418       0x60 c:/siliconlabs/simplicitystudio/v3/developer/toolchains/gnu_arm/4.8_2013q4/bin/../lib/gcc/arm-none-eabi/4.8.3/../../../../arm-none-eabi/lib/armv7e-m\libc_s.a(lib_a-printf.o)
 .debug_frame   0x00001478       0x2c c:/siliconlabs/simplicitystudio/v3/developer/toolchains/gnu_arm/4.8_2013q4/bin/../lib/gcc/arm-none-eabi/4.8.3/../../../../arm-none-eabi/lib/armv7e-m\libc_s.a(lib_a-sbrkr.o)
 .debug_frame   0x000014a4       0x80 c:/siliconlabs/simplicitystudio/v3/developer/toolchains/gnu_arm/4.8_2013q4/bin/../lib/gcc/arm-none-eabi/4.8.3/../../../../arm-none-eabi/lib/armv7e-m\libc_s.a(lib_a-stdio.o)
 .debug_frame   0x00001524       0x20 c:/siliconlabs/simplicitystudio/v3/developer/toolchains/gnu_arm/4.8_2013q4/bin/../lib/gcc/arm-none-eabi/4.8.3/../../../../arm-none-eabi/lib/armv7e-m\libc_s.a(lib_a-strlen.o)
 .debug_frame   0x00001544       0xa8 c:/siliconlabs/simplicitystudio/v3/developer/toolchains/gnu_arm/4.8_2013q4/bin/../lib/gcc/arm-none-eabi/4.8.3/../../../../arm-none-eabi/lib/armv7e-m\libc_s.a(lib_a-vfprintf.o)
 .debug_frame   0x000015ec       0x60 c:/siliconlabs/simplicitystudio/v3/developer/toolchains/gnu_arm/4.8_2013q4/bin/../lib/gcc/arm-none-eabi/4.8.3/../../../../arm-none-eabi/lib/armv7e-m\libc_s.a(lib_a-vfprintf_i.o)
 .debug_frame   0x0000164c       0x3c c:/siliconlabs/simplicitystudio/v3/developer/toolchains/gnu_arm/4.8_2013q4/bin/../lib/gcc/arm-none-eabi/4.8.3/../../../../arm-none-eabi/lib/armv7e-m\libc_s.a(lib_a-wbuf.o)
 .debug_frame   0x00001688       0x2c c:/siliconlabs/simplicitystudio/v3/developer/toolchains/gnu_arm/4.8_2013q4/bin/../lib/gcc/arm-none-eabi/4.8.3/../../../../arm-none-eabi/lib/armv7e-m\libc_s.a(lib_a-writer.o)
 .debug_frame   0x000016b4       0x2c c:/siliconlabs/simplicitystudio/v3/developer/toolchains/gnu_arm/4.8_2013q4/bin/../lib/gcc/arm-none-eabi/4.8.3/../../../../arm-none-eabi/lib/armv7e-m\libc_s.a(lib_a-wsetup.o)
 .debug_frame   0x000016e0       0x2c c:/siliconlabs/simplicitystudio/v3/developer/toolchains/gnu_arm/4.8_2013q4/bin/../lib/gcc/arm-none-eabi/4.8.3/../../../../arm-none-eabi/lib/armv7e-m\libc_s.a(lib_a-closer.o)
 .debug_frame   0x0000170c       0x5c c:/siliconlabs/simplicitystudio/v3/developer/toolchains/gnu_arm/4.8_2013q4/bin/../lib/gcc/arm-none-eabi/4.8.3/../../../../arm-none-eabi/lib/armv7e-m\libc_s.a(lib_a-fflush.o)
 .debug_frame   0x00001768       0x2c c:/siliconlabs/simplicitystudio/v3/developer/toolchains/gnu_arm/4.8_2013q4/bin/../lib/gcc/arm-none-eabi/4.8.3/../../../../arm-none-eabi/lib/armv7e-m\libc_s.a(lib_a-lseekr.o)
 .debug_frame   0x00001794       0x30 c:/siliconlabs/simplicitystudio/v3/developer/toolchains/gnu_arm/4.8_2013q4/bin/../lib/gcc/arm-none-eabi/4.8.3/../../../../arm-none-eabi/lib/armv7e-m\libc_s.a(lib_a-makebuf.o)
 .debug_frame   0x000017c4       0x28 c:/siliconlabs/simplicitystudio/v3/developer/toolchains/gnu_arm/4.8_2013q4/bin/../lib/gcc/arm-none-eabi/4.8.3/../../../../arm-none-eabi/lib/armv7e-m\libc_s.a(lib_a-memchr-stub.o)
 .debug_frame   0x000017ec       0x2c c:/siliconlabs/simplicitystudio/v3/developer/toolchains/gnu_arm/4.8_2013q4/bin/../lib/gcc/arm-none-eabi/4.8.3/../../../../arm-none-eabi/lib/armv7e-m\libc_s.a(lib_a-nano-freer.o)
 .debug_frame   0x00001818       0x2c c:/siliconlabs/simplicitystudio/v3/developer/toolchains/gnu_arm/4.8_2013q4/bin/../lib/gcc/arm-none-eabi/4.8.3/../../../../arm-none-eabi/lib/armv7e-m\libc_s.a(lib_a-readr.o)
 .debug_frame   0x00001844       0x48 c:/siliconlabs/simplicitystudio/v3/developer/toolchains/gnu_arm/4.8_2013q4/bin/../lib/gcc/arm-none-eabi/4.8.3/../../../../arm-none-eabi/lib/armv7e-m\libc_s.a(lib_a-reent.o)
 .debug_frame   0x0000188c       0x2c c:/siliconlabs/simplicitystudio/v3/developer/toolchains/gnu_arm/4.8_2013q4/bin/../lib/gcc/arm-none-eabi/4.8.3/../../../../arm-none-eabi/lib/armv7e-m\libc_s.a(lib_a-fstatr.o)
 .debug_frame   0x000018b8       0x2c c:/siliconlabs/simplicitystudio/v3/developer/toolchains/gnu_arm/4.8_2013q4/bin/../lib/gcc/arm-none-eabi/4.8.3/../../../../arm-none-eabi/lib/armv7e-m\libc_s.a(lib_a-isattyr.o)
